Component: ARM Compiler 5.06 update 5 (build 528) Tool: armlink [4d35e2]

==============================================================================

Section Cross References

    startup_stm32f411xe.o(STACK) refers (Special) to heapauxi.o(.text) for __use_two_region_memory
    startup_stm32f411xe.o(HEAP) refers (Special) to heapauxi.o(.text) for __use_two_region_memory
    startup_stm32f411xe.o(RESET) refers (Special) to heapauxi.o(.text) for __use_two_region_memory
    startup_stm32f411xe.o(RESET) refers to startup_stm32f411xe.o(STACK) for __initial_sp
    startup_stm32f411xe.o(RESET) refers to startup_stm32f411xe.o(.text) for Reset_Handler
    startup_stm32f411xe.o(RESET) refers to stm32f4xx_it.o(i.NMI_Handler) for NMI_Handler
    startup_stm32f411xe.o(RESET) refers to stm32f4xx_it.o(i.HardFault_Handler) for HardFault_Handler
    startup_stm32f411xe.o(RESET) refers to stm32f4xx_it.o(i.MemManage_Handler) for MemManage_Handler
    startup_stm32f411xe.o(RESET) refers to stm32f4xx_it.o(i.BusFault_Handler) for BusFault_Handler
    startup_stm32f411xe.o(RESET) refers to stm32f4xx_it.o(i.UsageFault_Handler) for UsageFault_Handler
    startup_stm32f411xe.o(RESET) refers to port.o(.emb_text) for SVC_Handler
    startup_stm32f411xe.o(RESET) refers to stm32f4xx_it.o(i.DebugMon_Handler) for DebugMon_Handler
    startup_stm32f411xe.o(RESET) refers to cmsis_os2.o(i.SysTick_Handler) for SysTick_Handler
    startup_stm32f411xe.o(RESET) refers to stm32f4xx_it.o(i.RTC_WKUP_IRQHandler) for RTC_WKUP_IRQHandler
    startup_stm32f411xe.o(RESET) refers to stm32f4xx_it.o(i.TIM1_TRG_COM_TIM11_IRQHandler) for TIM1_TRG_COM_TIM11_IRQHandler
    startup_stm32f411xe.o(RESET) refers to stm32f4xx_it.o(i.USART1_IRQHandler) for USART1_IRQHandler
    startup_stm32f411xe.o(RESET) refers to stm32f4xx_it.o(i.DMA2_Stream2_IRQHandler) for DMA2_Stream2_IRQHandler
    startup_stm32f411xe.o(RESET) refers to stm32f4xx_it.o(i.DMA2_Stream5_IRQHandler) for DMA2_Stream5_IRQHandler
    startup_stm32f411xe.o(RESET) refers to stm32f4xx_it.o(i.DMA2_Stream7_IRQHandler) for DMA2_Stream7_IRQHandler
    startup_stm32f411xe.o(.text) refers (Special) to heapauxi.o(.text) for __use_two_region_memory
    startup_stm32f411xe.o(.text) refers to system_stm32f4xx.o(i.SystemInit) for SystemInit
    startup_stm32f411xe.o(.text) refers to __main.o(!!!main) for __main
    startup_stm32f411xe.o(.text) refers to startup_stm32f411xe.o(HEAP) for Heap_Mem
    startup_stm32f411xe.o(.text) refers to startup_stm32f411xe.o(STACK) for Stack_Mem
    main.o(i.HAL_TIM_PeriodElapsedCallback) refers to stm32f4xx_hal.o(i.HAL_IncTick) for HAL_IncTick
    main.o(i.MX_RTC_Init) refers to rt_memclr_w.o(.text) for __aeabi_memclr4
    main.o(i.MX_RTC_Init) refers to stm32f4xx_hal_rtc.o(i.HAL_RTC_Init) for HAL_RTC_Init
    main.o(i.MX_RTC_Init) refers to stm32f4xx_hal_rtc.o(i.HAL_RTC_SetTime) for HAL_RTC_SetTime
    main.o(i.MX_RTC_Init) refers to stm32f4xx_hal_rtc.o(i.HAL_RTC_SetDate) for HAL_RTC_SetDate
    main.o(i.MX_RTC_Init) refers to stm32f4xx_hal_rtc_ex.o(i.HAL_RTCEx_SetWakeUpTimer_IT) for HAL_RTCEx_SetWakeUpTimer_IT
    main.o(i.MX_RTC_Init) refers to main.o(.bss) for .bss
    main.o(i.MX_SPI1_Init) refers to stm32f4xx_hal_spi.o(i.HAL_SPI_Init) for HAL_SPI_Init
    main.o(i.MX_SPI1_Init) refers to main.o(.bss) for .bss
    main.o(i.MX_TIM2_Init) refers to rt_memclr_w.o(.text) for __aeabi_memclr4
    main.o(i.MX_TIM2_Init) refers to stm32f4xx_hal_tim.o(i.HAL_TIM_PWM_Init) for HAL_TIM_PWM_Init
    main.o(i.MX_TIM2_Init) refers to stm32f4xx_hal_tim_ex.o(i.HAL_TIMEx_MasterConfigSynchronization) for HAL_TIMEx_MasterConfigSynchronization
    main.o(i.MX_TIM2_Init) refers to stm32f4xx_hal_tim.o(i.HAL_TIM_PWM_ConfigChannel) for HAL_TIM_PWM_ConfigChannel
    main.o(i.MX_TIM2_Init) refers to stm32f4xx_hal_msp.o(i.HAL_TIM_MspPostInit) for HAL_TIM_MspPostInit
    main.o(i.MX_TIM2_Init) refers to main.o(.bss) for .bss
    main.o(i.StartDefaultTask) refers to cmsis_os2.o(i.osDelay) for osDelay
    main.o(i.SystemClock_Config) refers to rt_memclr_w.o(.text) for __aeabi_memclr4
    main.o(i.SystemClock_Config) refers to stm32f4xx_hal_rcc.o(i.HAL_RCC_OscConfig) for HAL_RCC_OscConfig
    main.o(i.SystemClock_Config) refers to stm32f4xx_hal_rcc.o(i.HAL_RCC_ClockConfig) for HAL_RCC_ClockConfig
    main.o(i.main) refers to stm32f4xx_hal.o(i.HAL_Init) for HAL_Init
    main.o(i.main) refers to main.o(i.SystemClock_Config) for SystemClock_Config
    main.o(i.main) refers to main.o(i.MX_GPIO_Init) for MX_GPIO_Init
    main.o(i.main) refers to stm32f4xx_hal_cortex.o(i.HAL_NVIC_SetPriority) for HAL_NVIC_SetPriority
    main.o(i.main) refers to stm32f4xx_hal_cortex.o(i.HAL_NVIC_EnableIRQ) for HAL_NVIC_EnableIRQ
    main.o(i.main) refers to stm32f4xx_hal_uart.o(i.HAL_UART_Init) for HAL_UART_Init
    main.o(i.main) refers to main.o(i.MX_SPI1_Init) for MX_SPI1_Init
    main.o(i.main) refers to main.o(i.MX_RTC_Init) for MX_RTC_Init
    main.o(i.main) refers to main.o(i.MX_TIM2_Init) for MX_TIM2_Init
[...]
    i.HAL_RCC_ClockConfig                    0x08000ecc   Section        0  stm32f4xx_hal_rcc.o(i.HAL_RCC_ClockConfig)
    i.HAL_RCC_GetClockConfig                 0x08001000   Section        0  stm32f4xx_hal_rcc.o(i.HAL_RCC_GetClockConfig)
    i.HAL_RCC_GetPCLK1Freq                   0x08001040   Section        0  stm32f4xx_hal_rcc.o(i.HAL_RCC_GetPCLK1Freq)
    i.HAL_RCC_GetPCLK2Freq                   0x08001060   Section        0  stm32f4xx_hal_rcc.o(i.HAL_RCC_GetPCLK2Freq)
    i.HAL_RCC_GetSysClockFreq                0x08001080   Section        0  stm32f4xx_hal_rcc.o(i.HAL_RCC_GetSysClockFreq)
    i.HAL_RCC_OscConfig                      0x080010e4   Section        0  stm32f4xx_hal_rcc.o(i.HAL_RCC_OscConfig)
    i.HAL_RTCEx_SetWakeUpTimer_IT            0x08001450   Section        0  stm32f4xx_hal_rtc_ex.o(i.HAL_RTCEx_SetWakeUpTimer_IT)
    i.HAL_RTCEx_WakeUpTimerEventCallback     0x08001554   Section        0  stm32f4xx_hal_rtc_ex.o(i.HAL_RTCEx_WakeUpTimerEventCallback)
    i.HAL_RTCEx_WakeUpTimerIRQHandler        0x08001558   Section        0  stm32f4xx_hal_rtc_ex.o(i.HAL_RTCEx_WakeUpTimerIRQHandler)
    i.HAL_RTC_Init                           0x08001588   Section        0  stm32f4xx_hal_rtc.o(i.HAL_RTC_Init)
    i.HAL_RTC_MspInit                        0x08001624   Section        0  stm32f4xx_hal_msp.o(i.HAL_RTC_MspInit)
    i.HAL_RTC_SetDate                        0x08001670   Section        0  stm32f4xx_hal_rtc.o(i.HAL_RTC_SetDate)
    i.HAL_RTC_SetTime                        0x08001708   Section        0  stm32f4xx_hal_rtc.o(i.HAL_RTC_SetTime)
    i.HAL_RTC_WaitForSynchro                 0x080017c8   Section        0  stm32f4xx_hal_rtc.o(i.HAL_RTC_WaitForSynchro)
    i.HAL_SPI_Init                           0x08001800   Section        0  stm32f4xx_hal_spi.o(i.HAL_SPI_Init)
    i.HAL_SPI_MspInit                        0x080018bc   Section        0  stm32f4xx_hal_msp.o(i.HAL_SPI_MspInit)
    i.HAL_TIMEx_BreakCallback                0x08001960   Section        0  stm32f4xx_hal_tim_ex.o(i.HAL_TIMEx_BreakCallback)
    i.HAL_TIMEx_CommutCallback               0x08001962   Section        0  stm32f4xx_hal_tim_ex.o(i.HAL_TIMEx_CommutCallback)
    i.HAL_TIMEx_MasterConfigSynchronization  0x08001964   Section        0  stm32f4xx_hal_tim_ex.o(i.HAL_TIMEx_MasterConfigSynchronization)
    i.HAL_TIM_Base_Init                      0x080019e0   Section        0  stm32f4xx_hal_tim.o(i.HAL_TIM_Base_Init)
    i.HAL_TIM_Base_MspInit                   0x08001a3a   Section        0  stm32f4xx_hal_tim.o(i.HAL_TIM_Base_MspInit)
    i.HAL_TIM_Base_Start_IT                  0x08001a3c   Section        0  stm32f4xx_hal_tim.o(i.HAL_TIM_Base_Start_IT)
    i.HAL_TIM_IC_CaptureCallback             0x08001aa8   Section        0  stm32f4xx_hal_tim.o(i.HAL_TIM_IC_CaptureCallback)
    i.HAL_TIM_IRQHandler                     0x08001aaa   Section        0  stm32f4xx_hal_tim.o(i.HAL_TIM_IRQHandler)
    i.HAL_TIM_MspPostInit                    0x08001bdc   Section        0  stm32f4xx_hal_msp.o(i.HAL_TIM_MspPostInit)
    i.HAL_TIM_OC_DelayElapsedCallback        0x08001c2c   Section        0  stm32f4xx_hal_tim.o(i.HAL_TIM_OC_DelayElapsedCallback)
    i.HAL_TIM_PWM_ConfigChannel              0x08001c2e   Section        0  stm32f4xx_hal_tim.o(i.HAL_TIM_PWM_ConfigChannel)
    i.HAL_TIM_PWM_Init                       0x08001cfa   Section        0  stm32f4xx_hal_tim.o(i.HAL_TIM_PWM_Init)
    i.HAL_TIM_PWM_MspInit                    0x08001d54   Section        0  stm32f4xx_hal_msp.o(i.HAL_TIM_PWM_MspInit)
    i.HAL_TIM_PWM_PulseFinishedCallback      0x08001d78   Section        0  stm32f4xx_hal_tim.o(i.HAL_TIM_PWM_PulseFinishedCallback)
    i.HAL_TIM_PeriodElapsedCallback          0x08001d7c   Section        0  main.o(i.HAL_TIM_PeriodElapsedCallback)
    i.HAL_TIM_TriggerCallback                0x08001d90   Section        0  stm32f4xx_hal_tim.o(i.HAL_TIM_TriggerCallback)
    i.HAL_UARTEx_RxEventCallback             0x08001d92   Section        0  stm32f4xx_hal_uart.o(i.HAL_UARTEx_RxEventCallback)
    i.HAL_UART_ErrorCallback                 0x08001d94   Section        0  stm32f4xx_hal_uart.o(i.HAL_UART_ErrorCallback)
    i.HAL_UART_IRQHandler                    0x08001d98   Section        0  stm32f4xx_hal_uart.o(i.HAL_UART_IRQHandler)
    i.HAL_UART_Init                          0x08002008   Section        0  stm32f4xx_hal_uart.o(i.HAL_UART_Init)
    i.HAL_UART_MspInit                       0x0800206c   Section        0  stm32f4xx_hal_msp.o(i.HAL_UART_MspInit)
    i.HAL_UART_RxCpltCallback                0x08002154   Section        0  stm32f4xx_hal_uart.o(i.HAL_UART_RxCpltCallback)
    i.HAL_UART_TxCpltCallback                0x08002156   Section        0  stm32f4xx_hal_uart.o(i.HAL_UART_TxCpltCallback)
    i.HardFault_Handler                      0x08002158   Section        0  stm32f4xx_it.o(i.HardFault_Handler)
    i.MX_GPIO_Init                           0x0800215c   Section        0  main.o(i.MX_GPIO_Init)
    MX_GPIO_Init                             0x0800215d   Thumb Code    70  main.o(i.MX_GPIO_Init)
    i.MX_RTC_Init                            0x080021a8   Section        0  main.o(i.MX_RTC_Init)
    MX_RTC_Init                              0x080021a9   Thumb Code   150  main.o(i.MX_RTC_Init)
    i.MX_SPI1_Init                           0x08002248   Section        0  main.o(i.MX_SPI1_Init)
    MX_SPI1_Init                             0x08002249   Thumb Code    58  main.o(i.MX_SPI1_Init)
    i.MX_TIM2_Init                           0x0800228c   Section        0  main.o(i.MX_TIM2_Init)
    MX_TIM2_Init                             0x0800228d   Thumb Code   106  main.o(i.MX_TIM2_Init)
    i.MemManage_Handler                      0x080022fc   Section        0  stm32f4xx_it.o(i.MemManage_Handler)
    i.NMI_Handler                            0x080022fe   Section        0  stm32f4xx_it.o(i.NMI_Handler)
    i.RTC_ByteToBcd2                         0x08002300   Section        0  stm32f4xx_hal_rtc.o(i.RTC_ByteToBcd2)
    i.RTC_EnterInitMode                      0x08002318   Section        0  stm32f4xx_hal_rtc.o(i.RTC_EnterInitMode)
    i.RTC_ExitInitMode                       0x08002360   Section        0  stm32f4xx_hal_rtc.o(i.RTC_ExitInitMode)
    i.RTC_WKUP_IRQHandler                    0x0800238c   Section        0  stm32f4xx_it.o(i.RTC_WKUP_IRQHandler)
    i.StartDefaultTask                       0x08002398   Section        0  main.o(i.StartDefaultTask)
    i.SysTick_Handler                        0x080023a0   Section        0  cmsis_os2.o(i.SysTick_Handler)
    i.SystemClock_Config                     0x080023bc   Section        0  main.o(i.SystemClock_Config)
    i.SystemInit                             0x08002450   Section        0  system_stm32f4xx.o(i.SystemInit)
    i.TIM1_TRG_COM_TIM11_IRQHandler          0x08002460   Section        0  stm32f4xx_it.o(i.TIM1_TRG_COM_TIM11_IRQHandler)
    i.TIM_Base_SetConfig                     0x0800246c   Section        0  stm32f4xx_hal_tim.o(i.TIM_Base_SetConfig)
    i.TIM_OC1_SetConfig                      0x08002510   Section        0  stm32f4xx_hal_tim.o(i.TIM_OC1_SetConfig)
    TIM_OC1_SetConfig                        0x08002511   Thumb Code    74  stm32f4xx_hal_tim.o(i.TIM_OC1_SetConfig)
    i.TIM_OC2_SetConfig                      0x08002560   Section        0  stm32f4xx_hal_tim.o(i.TIM_OC2_SetConfig)
    i.TIM_OC3_SetConfig                      0x080025b8   Section        0  stm32f4xx_hal_tim.o(i.TIM_OC3_SetConfig)
    TIM_OC3_SetConfig                        0x080025b9   Thumb Code    82  stm32f4xx_hal_tim.o(i.TIM_OC3_SetConfig)
    i.TIM_OC4_SetConfig                      0x08002610   Section        0  stm32f4xx_hal_tim.o(i.TIM_OC4_SetConfig)
    TIM_OC4_SetConfig                        0x08002611   Thumb Code    64  stm32f4xx_hal_tim.o(i.TIM_OC4_SetConfig)
    i.UART_DMAAbortOnError                   0x08002654   Section        0  stm32f4xx_hal_uart.o(i.UART_DMAAbortOnError)
    UART_DMAAbortOnError                     0x08002655   Thumb Code    16  stm32f4xx_hal_uart.o(i.UART_DMAAbortOnError)
    i.UART_EndRxTransfer                     0x08002664   Section        0  stm32f4xx_hal_uart.o(i.UART_EndRxTransfer)
    UART_EndRxTransfer                       0x08002665   Thumb Code    78  stm32f4xx_hal_uart.o(i.UART_EndRxTransfer)
    i.UART_Receive_IT                        0x080026b2   Section        0  stm32f4xx_hal_uart.o(i.UART_Receive_IT)
    UART_Receive_IT                          0x080026b3   Thumb Code   194  stm32f4xx_hal_uart.o(i.UART_Receive_IT)
    i.UART_SetConfig                         0x08002774   Section        0  stm32f4xx_hal_uart.o(i.UART_SetConfig)
    UART_SetConfig                           0x08002775   Thumb Code   258  stm32f4xx_hal_uart.o(i.UART_SetConfig)
    i.USART1_IRQHandler                      0x08002880   Section        0  stm32f4xx_it.o(i.USART1_IRQHandler)
    i.UsageFault_Handler                     0x0800288c   Section        0  stm32f4xx_it.o(i.UsageFault_Handler)
    i.__NVIC_SetPriority                     0x0800288e   Section        0  stm32f4xx_hal_cortex.o(i.__NVIC_SetPriority)
    __NVIC_SetPriority                       0x0800288f   Thumb Code    32  stm32f4xx_hal_cortex.o(i.__NVIC_SetPriority)
    i.main                                   0x080028b0   Section        0  main.o(i.main)
    i.osDelay                                0x08002964   Section        0  cmsis_os2.o(i.osDelay)
    i.osKernelInitialize                     0x08002980   Section        0  cmsis_os2.o(i.osKernelInitialize)
    i.osKernelStart                          0x080029a4   Section        0  cmsis_os2.o(i.osKernelStart)
    i.osThreadNew                            0x080029dc   Section        0  cmsis_os2.o(i.osThreadNew)
    i.prvAddCurrentTaskToDelayedList         0x08002a68   Section        0  tasks.o(i.prvAddCurrentTaskToDelayedList)
    prvAddCurrentTaskToDelayedList           0x08002a69   Thumb Code    84  tasks.o(i.prvAddCurrentTaskToDelayedList)
    i.prvAddNewTaskToReadyList               0x08002ac4   Section        0  tasks.o(i.prvAddNewTaskToReadyList)
    prvAddNewTaskToReadyList                 0x08002ac5   Thumb Code   190  tasks.o(i.prvAddNewTaskToReadyList)
    i.prvCheckForValidListAndQueue           0x08002b94   Section        0  timers.o(i.prvCheckForValidListAndQueue)
    prvCheckForValidListAndQueue             0x08002b95   Thumb Code    72  timers.o(i.prvCheckForValidListAndQueue)
    i.prvCopyDataFromQueue                   0x08002bec   Section        0  queue.o(i.prvCopyDataFromQueue)
    prvCopyDataFromQueue                     0x08002bed   Thumb Code    38  queue.o(i.prvCopyDataFromQueue)
    i.prvCopyDataToQueue                     0x08002c12   Section        0  queue.o(i.prvCopyDataToQueue)
    prvCopyDataToQueue                       0x08002c13   Thumb Code   108  queue.o(i.prvCopyDataToQueue)
    i.prvDeleteTCB                           0x08002c7e   Section        0  tasks.o(i.prvDeleteTCB)
    prvDeleteTCB                             0x08002c7f   Thumb Code    52  tasks.o(i.prvDeleteTCB)
    i.prvHeapInit                            0x08002cb4   Section        0  heap_4.o(i.prvHeapInit)
    prvHeapInit                              0x08002cb5   Thumb Code    66  heap_4.o(i.prvHeapInit)
    i.prvIdleTask                            0x08002d00   Section        0  tasks.o(i.prvIdleTask)
    prvIdleTask                              0x08002d01   Thumb Code    82  tasks.o(i.prvIdleTask)
    i.prvInitialiseNewQueue                  0x08002d60   Section        0  queue.o(i.prvInitialiseNewQueue)
    prvInitialiseNewQueue                    0x08002d61   Thumb Code    34  queue.o(i.prvInitialiseNewQueue)
    i.prvInitialiseNewTask                   0x08002d84   Section        0  tasks.o(i.prvInitialiseNewTask)
    prvInitialiseNewTask                     0x08002d85   Thumb Code   176  tasks.o(i.prvInitialiseNewTask)
    i.prvInsertBlockIntoFreeList             0x08002e34   Section        0  heap_4.o(i.prvInsertBlockIntoFreeList)
    prvInsertBlockIntoFreeList               0x08002e35   Thumb Code    72  heap_4.o(i.prvInsertBlockIntoFreeList)
    i.prvInsertTimerInActiveList             0x08002e80   Section        0  timers.o(i.prvInsertTimerInActiveList)
    prvInsertTimerInActiveList               0x08002e81   Thumb Code    52  timers.o(i.prvInsertTimerInActiveList)
    i.prvIsQueueEmpty                        0x08002eb8   Section        0  queue.o(i.prvIsQueueEmpty)
    prvIsQueueEmpty                          0x08002eb9   Thumb Code    28  queue.o(i.prvIsQueueEmpty)
    i.prvProcessReceivedCommands             0x08002ed4   Section        0  timers.o(i.prvProcessReceivedCommands)
    prvProcessReceivedCommands               0x08002ed5   Thumb Code   248  timers.o(i.prvProcessReceivedCommands)
    i.prvProcessTimerOrBlockTask             0x08002fd0   Section        0  timers.o(i.prvProcessTimerOrBlockTask)
    prvProcessTimerOrBlockTask               0x08002fd1   Thumb Code   182  timers.o(i.prvProcessTimerOrBlockTask)
    i.prvResetNextTaskUnblockTime            0x08003090   Section        0  tasks.o(i.prvResetNextTaskUnblockTime)
    prvResetNextTaskUnblockTime              0x08003091   Thumb Code    26  tasks.o(i.prvResetNextTaskUnblockTime)
    i.prvSampleTimeNow                       0x080030b0   Section        0  timers.o(i.prvSampleTimeNow)
    prvSampleTimeNow                         0x080030b1   Thumb Code    36  timers.o(i.prvSampleTimeNow)
    i.prvSwitchTimerLists                    0x080030d8   Section        0  timers.o(i.prvSwitchTimerLists)
    prvSwitchTimerLists                      0x080030d9   Thumb Code   104  timers.o(i.prvSwitchTimerLists)
    i.prvTaskExitError                       0x08003144   Section        0  port.o(i.prvTaskExitError)
    prvTaskExitError                         0x08003145   Thumb Code    36  port.o(i.prvTaskExitError)
    i.prvTimerTask                           0x0800316c   Section        0  timers.o(i.prvTimerTask)
    prvTimerTask                             0x0800316d   Thumb Code    32  timers.o(i.prvTimerTask)
    i.prvUnlockQueue                         0x08003190   Section        0  queue.o(i.prvUnlockQueue)
    prvUnlockQueue                           0x08003191   Thumb Code   106  queue.o(i.prvUnlockQueue)
    i.pvPortMalloc                           0x080031fc   Section        0  heap_4.o(i.pvPortMalloc)
    i.pxPortInitialiseStack                  0x080032d8   Section        0  port.o(i.pxPortInitialiseStack)
    i.uxListRemove                           0x08003304   Section        0  list.o(i.uxListRemove)
    i.vApplicationGetIdleTaskMemory          0x0800332c   Section        0  cmsis_os2.o(i.vApplicationGetIdleTaskMemory)
    i.vApplicationGetTimerTaskMemory         0x08003340   Section        0  cmsis_os2.o(i.vApplicationGetTimerTaskMemory)
    i.vListInitialise                        0x08003358   Section        0  list.o(i.vListInitialise)
    i.vListInitialiseItem                    0x0800336e   Section        0  list.o(i.vListInitialiseItem)
    i.vListInsert                            0x08003374   Section        0  list.o(i.vListInsert)
    i.vListInsertEnd                         0x080033a4   Section        0  list.o(i.vListInsertEnd)
    i.vPortEnterCritical                     0x080033bc   Section        0  port.o(i.vPortEnterCritical)
    i.vPortExitCritical                      0x080033fc   Section        0  port.o(i.vPortExitCritical)
    i.vPortFree                              0x08003424   Section        0  heap_4.o(i.vPortFree)
    i.vPortSetupTimerInterrupt               0x08003488   Section        0  port.o(i.vPortSetupTimerInterrupt)
    i.vPortValidateInterruptPriority         0x080034ac   Section        0  port.o(i.vPortValidateInterruptPriority)
    i.vQueueAddToRegistry                    0x08003500   Section        0  queue.o(i.vQueueAddToRegistry)
    i.vQueueWaitForMessageRestricted         0x08003528   Section        0  queue.o(i.vQueueWaitForMessageRestricted)
    i.vTaskDelay                             0x0800356c   Section        0  tasks.o(i.vTaskDelay)
    i.vTaskInternalSetTimeOutState           0x080035b8   Section        0  tasks.o(i.vTaskInternalSetTimeOutState)
    i.vTaskMissedYield                       0x080035c8   Section        0  tasks.o(i.vTaskMissedYield)
    i.vTaskPlaceOnEventList                  0x080035d4   Section        0  tasks.o(i.vTaskPlaceOnEventList)
    i.vTaskPlaceOnEventListRestricted        0x08003604   Section        0  tasks.o(i.vTaskPlaceOnEventListRestricted)
    i.vTaskStartScheduler                    0x0800363c   Section        0  tasks.o(i.vTaskStartScheduler)
    i.vTaskSuspendAll                        0x080036c4   Section        0  tasks.o(i.vTaskSuspendAll)
    i.vTaskSwitchContext                     0x080036d4   Section        0  tasks.o(i.vTaskSwitchContext)
    i.xPortStartScheduler                    0x08003738   Section        0  port.o(i.xPortStartScheduler)
    i.xPortSysTickHandler                    0x0800382c   Section        0  port.o(i.xPortSysTickHandler)
    i.xQueueGenericCreateStatic              0x08003858   Section        0  queue.o(i.xQueueGenericCreateStatic)
    i.xQueueGenericReset                     0x080038c0   Section        0  queue.o(i.xQueueGenericReset)
    i.xQueueGenericSend                      0x08003948   Section        0  queue.o(i.xQueueGenericSend)
    i.xQueueGenericSendFromISR               0x08003aa8   Section        0  queue.o(i.xQueueGenericSendFromISR)
    i.xQueueReceive                          0x08003b68   Section        0  queue.o(i.xQueueReceive)
    i.xTaskCheckForTimeOut                   0x08003ca0   Section        0  tasks.o(i.xTaskCheckForTimeOut)
    i.xTaskCreate                            0x08003d14   Section        0  tasks.o(i.xTaskCreate)
    i.xTaskCreateStatic                      0x08003d6e   Section        0  tasks.o(i.xTaskCreateStatic)
    i.xTaskGetSchedulerState                 0x08003dc4   Section        0  tasks.o(i.xTaskGetSchedulerState)
    i.xTaskGetTickCount                      0x08003de0   Section        0  tasks.o(i.xTaskGetTickCount)
    i.xTaskIncrementTick                     0x08003dec   Section        0  tasks.o(i.xTaskIncrementTick)
    i.xTaskPriorityDisinherit                0x08003eb4   Section        0  tasks.o(i.xTaskPriorityDisinherit)
    i.xTaskRemoveFromEventList               0x08003f34   Section        0  tasks.o(i.xTaskRemoveFromEventList)
    i.xTaskResumeAll                         0x08003fa4   Section        0  tasks.o(i.xTaskResumeAll)
    i.xTimerCreateTimerTask                  0x08004068   Section        0  timers.o(i.xTimerCreateTimerTask)
    i.xTimerGenericCommand                   0x080040c8   Section        0  timers.o(i.xTimerGenericCommand)
    x$fpl$fpinit                             0x08004130   Section       10  fpinit.o(x$fpl$fpinit)
    $v0                                      0x08004130   Number         0  fpinit.o(x$fpl$fpinit)
    .constdata                               0x0800413c   Section       36  main.o(.constdata)
    .constdata                               0x08004160   Section        8  stm32f4xx_hal_dma.o(.constdata)
    flagBitshiftOffset                       0x08004160   Data           8  stm32f4xx_hal_dma.o(.constdata)
    .constdata                               0x08004168   Section       16  system_stm32f4xx.o(.constdata)
    .constdata                               0x08004178   Section        8  system_stm32f4xx.o(.constdata)
    .conststring                             0x08004180   Section       12  main.o(.conststring)
    .data                                    0x20000000   Section        4  main.o(.data)
    .data                                    0x20000004   Section       12  stm32f4xx_hal.o(.data)
    .data                                    0x20000010   Section        4  system_stm32f4xx.o(.data)
    .data                                    0x20000014   Section       60  tasks.o(.data)
    uxDeletedTasksWaitingCleanUp             0x20000018   Data           4  tasks.o(.data)
    uxCurrentNumberOfTasks                   0x2000001c   Data           4  tasks.o(.data)
    xTickCount                               0x20000020   Data           4  tasks.o(.data)
    uxTopReadyPriority                       0x20000024   Data           4  tasks.o(.data)
    xSchedulerRunning                        0x20000028   Data           4  tasks.o(.data)
    xPendedTicks                             0x2000002c   Data           4  tasks.o(.data)
    xYieldPending                            0x20000030   Data           4  tasks.o(.data)
    xNumOfOverflows                          0x20000034   Data           4  tasks.o(.data)
    uxTaskNumber                             0x20000038   Data           4  tasks.o(.data)
    xNextTaskUnblockTime                     0x2000003c   Data           4  tasks.o(.data)
    xIdleTaskHandle                          0x20000040   Data           4  tasks.o(.data)
    uxSchedulerSuspended                     0x20000044   Data           4  tasks.o(.data)
    pxDelayedTaskList                        0x20000048   Data           4  tasks.o(.data)
    pxOverflowDelayedTaskList                0x2000004c   Data           4  tasks.o(.data)
    .data                                    0x20000050   Section       20  timers.o(.data)
    xTimerQueue                              0x20000050   Data           4  timers.o(.data)
    xTimerTaskHandle                         0x20000054   Data           4  timers.o(.data)
    xLastTime                                0x20000058   Data           4  timers.o(.data)
    pxCurrentTimerList                       0x2000005c   Data           4  timers.o(.data)
    pxOverflowTimerList                      0x20000060   Data           4  timers.o(.data)
    .data                                    0x20000064   Section        4  cmsis_os2.o(.data)
    KernelState                              0x20000064   Data           4  cmsis_os2.o(.data)
    .data                                    0x20000068   Section       32  heap_4.o(.data)
    pxEnd                                    0x20000068   Data           4  heap_4.o(.data)
    xFreeBytesRemaining                      0x2000006c   Data           4  heap_4.o(.data)
    xMinimumEverFreeBytesRemaining           0x20000070   Data           4  heap_4.o(.data)
    xNumberOfSuccessfulAllocations           0x20000074   Data           4  heap_4.o(.data)
    xNumberOfSuccessfulFrees                 0x20000078   Data           4  heap_4.o(.data)
    xBlockAllocatedBit                       0x2000007c   Data           4  heap_4.o(.data)
    xStart                                   0x20000080   Data           8  heap_4.o(.data)
    .data                                    0x20000088   Section       12  port.o(.data)
    ucMaxSysCallPriority                     0x20000088   Data           1  port.o(.data)
    uxCriticalNesting                        0x2000008c   Data           4  port.o(.data)
    ulMaxPRIGROUPValue                       0x20000090   Data           4  port.o(.data)
    .bss                                     0x20000094   Section      264  main.o(.bss)
    .bss                                     0x2000019c   Section       96  main.o(.bss)
    .bss                                     0x200001fc   Section       96  main.o(.bss)
    .bss                                     0x2000025c   Section       96  main.o(.bss)
    .bss                                     0x200002bc   Section       72  stm32f4xx_hal_timebase_tim.o(.bss)
    .bss                                     0x20000304   Section       64  queue.o(.bss)
    .bss                                     0x20000344   Section     1220  tasks.o(.bss)
    pxReadyTasksLists                        0x20000344   Data        1120  tasks.o(.bss)
    xDelayedTaskList1                        0x200007a4   Data          20  tasks.o(.bss)
    xDelayedTaskList2                        0x200007b8   Data          20  tasks.o(.bss)
    xPendingReadyList                        0x200007cc   Data          20  tasks.o(.bss)
    xTasksWaitingTermination                 0x200007e0   Data          20  tasks.o(.bss)
    xSuspendedTaskList                       0x200007f4   Data          20  tasks.o(.bss)
    .bss                                     0x20000808   Section      280  timers.o(.bss)
    xStaticTimerQueue                        0x20000808   Data          80  timers.o(.bss)
    ucStaticTimerQueueStorage                0x20000858   Data         160  timers.o(.bss)
    xActiveTimerList1                        0x200008f8   Data          20  timers.o(.bss)
    xActiveTimerList2                        0x2000090c   Data          20  timers.o(.bss)
    .bss                                     0x20000920   Section     1720  cmsis_os2.o(.bss)
    Idle_TCB                                 0x20000920   Data          92  cmsis_os2.o(.bss)
    Idle_Stack                               0x2000097c   Data         512  cmsis_os2.o(.bss)
    Timer_TCB                                0x20000b7c   Data          92  cmsis_os2.o(.bss)
    Timer_Stack                              0x20000bd8   Data        1024  cmsis_os2.o(.bss)
    .bss                                     0x20000fd8   Section    15360  heap_4.o(.bss)
    ucHeap                                   0x20000fd8   Data       15360  heap_4.o(.bss)
    .bss                                     0x20004bd8   Section       96  libspace.o(.bss)
    HEAP                                     0x20004c38   Section      512  startup_stm32f411xe.o(HEAP)
    Heap_Mem                                 0x20004c38   Data         512  startup_stm32f411xe.o(HEAP)
    STACK                                    0x20004e38   Section     1024  startup_stm32f411xe.o(STACK)
    Stack_Mem                                0x20004e38   Data        1024  startup_stm32f411xe.o(STACK)
    __initial_sp                             0x20005238   Data           0  startup_stm32f411xe.o(STACK)

    Global Symbols

    Symbol Name                              Value     Ov Type        Size  Object(Section)

    BuildAttributes$$THM_ISAv4$E$P$D$K$B$S$7EM$VFPi3$EXTD16$VFPS$VFMA$PE$A:L22UL41UL21$X:L11$S22US41US21$IEEE1$IW$USESV6$~STKCKD$USESV7$~SHL$OSPACE$ROPI$EBA8$UX$STANDARDLIB$REQ8$PRES8$EABIv2 0x00000000   Number         0  anon$$obj.o ABSOLUTE
    __ARM_use_no_argv                        0x00000000   Number         0  main.o ABSOLUTE
    __ARM_exceptions_init                     - Undefined Weak Reference
    __alloca_initialize                       - Undefined Weak Reference
    __arm_preinit_                            - Undefined Weak Reference
    __cpp_initialize__aeabi_                  - Undefined Weak Reference
    __cxa_finalize                            - Undefined Weak Reference
    __rt_locale                               - Undefined Weak Reference
    __sigvec_lookup                           - Undefined Weak Reference
    _atexit_init                              - Undefined Weak Reference
    _call_atexit_fns                          - Undefined Weak Reference
    _clock_init                               - Undefined Weak Reference
    _fp_trap_init                             - Undefined Weak Reference
    _fp_trap_shutdown                         - Undefined Weak Reference
    _get_lc_collate                           - Undefined Weak Reference
    _get_lc_ctype                             - Undefined Weak Reference
    _get_lc_monetary                          - Undefined Weak Reference
    _get_lc_numeric                           - Undefined Weak Reference
    _get_lc_time                              - Undefined Weak Reference
    _getenv_init                              - Undefined Weak Reference
    _handle_redirection                       - Undefined Weak Reference
    _init_alloc                               - Undefined Weak Reference
    _init_user_alloc                          - Undefined Weak Reference
    _initio                                   - Undefined Weak Reference
    _rand_init                                - Undefined Weak Reference
    _signal_finish                            - Undefined Weak Reference
    _signal_init                              - Undefined Weak Reference
    _terminate_alloc                          - Undefined Weak Reference
    _terminate_user_alloc                     - Undefined Weak Reference
    _terminateio                              - Undefined Weak Reference
    __Vectors_Size                           0x00000198   Number         0  startup_stm32f411xe.o ABSOLUTE
    __Vectors                                0x08000000   Data           4  startup_stm32f411xe.o(RESET)
    __Vectors_End                            0x08000198   Data           0  startup_stm32f411xe.o(RESET)
    __main                                   0x08000199   Thumb Code     8  __main.o(!!!main)
    __scatterload                            0x080001a1   Thumb Code     0  __scatter.o(!!!scatter)
    __scatterload_rt2                        0x080001a1   Thumb Code    44  __scatter.o(!!!scatter)
    __scatterload_rt2_thumb_only             0x080001a1   Thumb Code     0  __scatter.o(!!!scatter)
    __scatterload_null                       0x080001af   Thumb Code     0  __scatter.o(!!!scatter)
    __scatterload_copy                       0x080001d5   Thumb Code    26  __scatter_copy.o(!!handler_copy)
    __scatterload_zeroinit                   0x080001f1   Thumb Code    28  __scatter_zi.o(!!handler_zi)
    __rt_lib_init                            0x0800020d   Thumb Code     0  libinit.o(.ARM.Collect$$libinit$$00000000)
    __rt_lib_init_fp_1                       0x0800020f   Thumb Code     0  libinit2.o(.ARM.Collect$$libinit$$00000001)
    __rt_lib_init_alloca_1                   0x08000213   Thumb Code     0  libinit2.o(.ARM.Collect$$libinit$$0000002E)
    __rt_lib_init_argv_1                     0x08000213   Thumb Code     0  libinit2.o(.ARM.Collect$$libinit$$0000002C)
    __rt_lib_init_atexit_1                   0x08000213   Thumb Code     0  libinit2.o(.ARM.Collect$$libinit$$0000001B)
    __rt_lib_init_clock_1                    0x08000213   Thumb Code     0  libinit2.o(.ARM.Collect$$libinit$$00000021)
    __rt_lib_init_cpp_1                      0x08000213   Thumb Code     0  libinit2.o(.ARM.Collect$$libinit$$00000032)
    __rt_lib_init_exceptions_1               0x08000213   Thumb Code     0  libinit2.o(.ARM.Collect$$libinit$$00000030)
    __rt_lib_init_fp_trap_1                  0x08000213   Thumb Code     0  libinit2.o(.ARM.Collect$$libinit$$0000001F)
    __rt_lib_init_getenv_1                   0x08000213   Thumb Code     0  libinit2.o(.ARM.Collect$$libinit$$00000023)
    __rt_lib_init_heap_1                     0x08000213   Thumb Code     0  libinit2.o(.ARM.Collect$$libinit$$0000000A)
    __rt_lib_init_lc_collate_1               0x08000213   Thumb Code     0  libinit2.o(.ARM.Collect$$libinit$$00000011)
    __rt_lib_init_lc_ctype_1                 0x08000213   Thumb Code     0  libinit2.o(.ARM.Collect$$libinit$$00000013)
    __rt_lib_init_lc_monetary_1              0x08000213   Thumb Code     0  libinit2.o(.ARM.Collect$$libinit$$00000015)
    __rt_lib_init_lc_numeric_1               0x08000213   Thumb Code     0  libinit2.o(.ARM.Collect$$libinit$$00000017)
    __rt_lib_init_lc_time_1                  0x08000213   Thumb Code     0  libinit2.o(.ARM.Collect$$libinit$$00000019)
    __rt_lib_init_preinit_1                  0x08000213   Thumb Code     0  libinit2.o(.ARM.Collect$$libinit$$00000004)
    __rt_lib_init_rand_1                     0x08000213   Thumb Code     0  libinit2.o(.ARM.Collect$$libinit$$0000000E)
    __rt_lib_init_return                     0x08000213   Thumb Code     0  libinit2.o(.ARM.Collect$$libinit$$00000033)
    __rt_lib_init_signal_1                   0x08000213   Thumb Code     0  libinit2.o(.ARM.Collect$$libinit$$0000001D)
    __rt_lib_init_stdio_1                    0x08000213   Thumb Code     0  libinit2.o(.ARM.Collect$$libinit$$00000025)
    __rt_lib_init_user_alloc_1               0x08000213   Thumb Code     0  libinit2.o(.ARM.Collect$$libinit$$0000000C)
    __rt_lib_shutdown                        0x08000215   Thumb Code     0  libshutdown.o(.ARM.Collect$$libshutdown$$00000000)
    __rt_lib_shutdown_cpp_1                  0x08000217   Thumb Code     0  libshutdown2.o(.ARM.Collect$$libshutdown$$00000002)
    __rt_lib_shutdown_fp_trap_1              0x08000217   Thumb Code     0  libshutdown2.o(.ARM.Collect$$libshutdown$$00000007)
    __rt_lib_shutdown_heap_1                 0x08000217   Thumb Code     0  libshutdown2.o(.ARM.Collect$$libshutdown$$0000000F)
    __rt_lib_shutdown_return                 0x08000217   Thumb Code     0  libshutdown2.o(.ARM.Collect$$libshutdown$$00000010)
    __rt_lib_shutdown_signal_1               0x08000217   Thumb Code     0  libshutdown2.o(.ARM.Collect$$libshutdown$$0000000A)
    __rt_lib_shutdown_stdio_1                0x08000217   Thumb Code     0  libshutdown2.o(.ARM.Collect$$libshutdown$$00000004)
    __rt_lib_shutdown_user_alloc_1           0x08000217   Thumb Code     0  libshutdown2.o(.ARM.Collect$$libshutdown$$0000000C)
    __rt_entry                               0x08000219   Thumb Code     0  __rtentry.o(.ARM.Collect$$rtentry$$00000000)
    __rt_entry_presh_1                       0x08000219   Thumb Code     0  __rtentry2.o(.ARM.Collect$$rtentry$$00000002)
    __rt_entry_sh                            0x08000219   Thumb Code     0  __rtentry4.o(.ARM.Collect$$rtentry$$00000004)
    __rt_entry_li                            0x0800021f   Thumb Code     0  __rtentry2.o(.ARM.Collect$$rtentry$$0000000A)
    __rt_entry_postsh_1                      0x0800021f   Thumb Code     0  __rtentry2.o(.ARM.Collect$$rtentry$$00000009)
    __rt_entry_main                          0x08000223   Thumb Code     0  __rtentry2.o(.ARM.Collect$$rtentry$$0000000D)
    __rt_entry_postli_1                      0x08000223   Thumb Code     0  __rtentry2.o(.ARM.Collect$$rtentry$$0000000C)
    __rt_exit                                0x0800022b   Thumb Code     0  rtexit.o(.ARM.Collect$$rtexit$$00000000)
    __rt_exit_ls                             0x0800022d   Thumb Code     0  rtexit2.o(.ARM.Collect$$rtexit$$00000003)
    __rt_exit_prels_1                        0x0800022d   Thumb Code     0  rtexit2.o(.ARM.Collect$$rtexit$$00000002)
    __rt_exit_exit                           0x08000231   Thumb Code     0  rtexit2.o(.ARM.Collect$$rtexit$$00000004)
    SVC_Handler                              0x08000239   Thumb Code    28  port.o(.emb_text)
    __asm___6_port_c_39a90d8d__prvStartFirstTask 0x08000259   Thumb Code    36  port.o(.emb_text)
    __asm___6_port_c_39a90d8d__prvEnableVFP  0x08000281   Thumb Code    16  port.o(.emb_text)
    PendSV_Handler                           0x08000295   Thumb Code    88  port.o(.emb_text)
    vPortGetIPSR                             0x080002f1   Thumb Code     6  port.o(.emb_text)
    Reset_Handler                            0x080002f9   Thumb Code     8  startup_stm32f411xe.o(.text)
    ADC_IRQHandler                           0x08000313   Thumb Code     0  startup_stm32f411xe.o(.text)
    DMA1_Stream0_IRQHandler                  0x08000313   Thumb Code     0  startup_stm32f411xe.o(.text)
    DMA1_Stream1_IRQHandler                  0x08000313   Thumb Code     0  startup_stm32f411xe.o(.text)
    DMA1_Stream2_IRQHandler                  0x08000313   Thumb Code     0  startup_stm32f411xe.o(.text)
    DMA1_Stream3_IRQHandler                  0x08000313   Thumb Code     0  startup_stm32f411xe.o(.text)
    DMA1_Stream4_IRQHandler                  0x08000313   Thumb Code     0  startup_stm32f411xe.o(.text)
    DMA1_Stream5_IRQHandler                  0x08000313   Thumb Code     0  startup_stm32f411xe.o(.text)
    DMA1_Stream6_IRQHandler                  0x08000313   Thumb Code     0  startup_stm32f411xe.o(.text)
    DMA1_Stream7_IRQHandler                  0x08000313   Thumb Code     0  startup_stm32f411xe.o(.text)
    DMA2_Stream0_IRQHandler                  0x08000313   Thumb Code     0  startup_stm32f411xe.o(.text)
    DMA2_Stream1_IRQHandler                  0x08000313   Thumb Code     0  startup_stm32f411xe.o(.text)
    DMA2_Stream3_IRQHandler                  0x08000313   Thumb Code     0  startup_stm32f411xe.o(.text)
    DMA2_Stream4_IRQHandler                  0x08000313   Thumb Code     0  startup_stm32f411xe.o(.text)
    DMA2_Stream6_IRQHandler                  0x08000313   Thumb Code     0  startup_stm32f411xe.o(.text)
    EXTI0_IRQHandler                         0x08000313   Thumb Code     0  startup_stm32f411xe.o(.text)
    EXTI15_10_IRQHandler                     0x08000313   Thumb Code     0  startup_stm32f411xe.o(.text)
    EXTI1_IRQHandler                         0x08000313   Thumb Code     0  startup_stm32f411xe.o(.text)
    EXTI2_IRQHandler                         0x08000313   Thumb Code     0  startup_stm32f411xe.o(.text)
    EXTI3_IRQHandler                         0x08000313   Thumb Code     0  startup_stm32f411xe.o(.text)
    EXTI4_IRQHandler                         0x08000313   Thumb Code     0  startup_stm32f411xe.o(.text)
    EXTI9_5_IRQHandler                       0x08000313   Thumb Code     0  startup_stm32f411xe.o(.text)
    FLASH_IRQHandler                         0x08000313   Thumb Code     0  startup_stm32f411xe.o(.text)
    FPU_IRQHandler                           0x08000313   Thumb Code     0  startup_stm32f411xe.o(.text)
    I2C1_ER_IRQHandler                       0x08000313   Thumb Code     0  startup_stm32f411xe.o(.text)
    I2C1_EV_IRQHandler                       0x08000313   Thumb Code     0  startup_stm32f411xe.o(.text)
    I2C2_ER_IRQHandler                       0x08000313   Thumb Code     0  startup_stm32f411xe.o(.text)
    I2C2_EV_IRQHandler                       0x08000313   Thumb Code     0  startup_stm32f411xe.o(.text)
    I2C3_ER_IRQHandler                       0x08000313   Thumb Code     0  startup_stm32f411xe.o(.text)
    I2C3_EV_IRQHandler                       0x08000313   Thumb Code     0  startup_stm32f411xe.o(.text)
    OTG_FS_IRQHandler                        0x08000313   Thumb Code     0  startup_stm32f411xe.o(.text)
    OTG_FS_WKUP_IRQHandler                   0x08000313   Thumb Code     0  startup_stm32f411xe.o(.text)
    PVD_IRQHandler                           0x08000313   Thumb Code     0  startup_stm32f411xe.o(.text)
    RCC_IRQHandler                           0x08000313   Thumb Code     0  startup_stm32f411xe.o(.text)
    RTC_Alarm_IRQHandler                     0x08000313   Thumb Code     0  startup_stm32f411xe.o(.text)
    SDIO_IRQHandler                          0x08000313   Thumb Code     0  startup_stm32f411xe.o(.text)
    SPI1_IRQHandler                          0x08000313   Thumb Code     0  startup_stm32f411xe.o(.text)
    SPI2_IRQHandler                          0x08000313   Thumb Code     0  startup_stm32f411xe.o(.text)
    SPI3_IRQHandler                          0x08000313   Thumb Code     0  startup_stm32f411xe.o(.text)
    SPI4_IRQHandler                          0x08000313   Thumb Code     0  startup_stm32f411xe.o(.text)
    SPI5_IRQHandler                          0x08000313   Thumb Code     0  startup_stm32f411xe.o(.text)
    TAMP_STAMP_IRQHandler                    0x08000313   Thumb Code     0  startup_stm32f411xe.o(.text)
    TIM1_BRK_TIM9_IRQHandler                 0x08000313   Thumb Code     0  startup_stm32f411xe.o(.text)
    TIM1_CC_IRQHandler                       0x08000313   Thumb Code     0  startup_stm32f411xe.o(.text)
    TIM1_UP_TIM10_IRQHandler                 0x08000313   Thumb Code     0  startup_stm32f411xe.o(.text)
    TIM2_IRQHandler                          0x08000313   Thumb Code     0  startup_stm32f411xe.o(.text)
    TIM3_IRQHandler                          0x08000313   Thumb Code     0  startup_stm32f411xe.o(.text)
    TIM4_IRQHandler                          0x08000313   Thumb Code     0  startup_stm32f411xe.o(.text)
    TIM5_IRQHandler                          0x08000313   Thumb Code     0  startup_stm32f411xe.o(.text)
    USART2_IRQHandler                        0x08000313   Thumb Code     0  startup_stm32f411xe.o(.text)
    USART6_IRQHandler                        0x08000313   Thumb Code     0  startup_stm32f411xe.o(.text)
    WWDG_IRQHandler                          0x08000313   Thumb Code     0  startup_stm32f411xe.o(.text)
    __user_initial_stackheap                 0x08000315   Thumb Code     0  startup_stm32f411xe.o(.text)
    __aeabi_uldivmod                         0x08000339   Thumb Code     0  lludivv7m.o(.text)
    _ll_udiv                                 0x08000339   Thumb Code   238  lludivv7m.o(.text)
    __aeabi_memcpy                           0x08000427   Thumb Code     0  rt_memcpy_v6.o(.text)
    __rt_memcpy                              0x08000427   Thumb Code   138  rt_memcpy_v6.o(.text)
    _memcpy_lastbytes                        0x0800048d   Thumb Code     0  rt_memcpy_v6.o(.text)
    __aeabi_memcpy4                          0x080004b1   Thumb Code     0  rt_memcpy_w.o(.text)
    __aeabi_memcpy8                          0x080004b1   Thumb Code     0  rt_memcpy_w.o(.text)
    __rt_memcpy_w                            0x080004b1   Thumb Code   100  rt_memcpy_w.o(.text)
    _memcpy_lastbytes_aligned                0x080004f9   Thumb Code     0  rt_memcpy_w.o(.text)
    __aeabi_memset                           0x08000515   Thumb Code    16  aeabi_memset.o(.text)
    __aeabi_memclr                           0x08000525   Thumb Code     0  rt_memclr.o(.text)
    __rt_memclr                              0x08000525   Thumb Code    68  rt_memclr.o(.text)
    _memset                                  0x08000529   Thumb Code     0  rt_memclr.o(.text)
    __aeabi_memclr4                          0x08000569   Thumb Code     0  rt_memclr_w.o(.text)
    __aeabi_memclr8                          0x08000569   Thumb Code     0  rt_memclr_w.o(.text)
    __rt_memclr_w                            0x08000569   Thumb Code    78  rt_memclr_w.o(.text)
    _memset_w                                0x0800056d   Thumb Code     0  rt_memclr_w.o(.text)
    __use_two_region_memory                  0x080005b7   Thumb Code     2  heapauxi.o(.text)
    __rt_heap_escrow$2region                 0x080005b9   Thumb Code     2  heapauxi.o(.text)
    __rt_heap_expand$2region                 0x080005bb   Thumb Code     2  heapauxi.o(.text)
    _sys_exit                                0x080005bd   Thumb Code     8  sys_exit.o(.text)
    __I$use$semihosting                      0x080005c9   Thumb Code     0  use_no_semi.o(.text)
    __use_no_semihosting_swi                 0x080005c9   Thumb Code     2  use_no_semi.o(.text)
    __semihosting_library_function           0x080005cb   Thumb Code     0  indicate_semi.o(.text)
    __user_setup_stackheap                   0x080005cb   Thumb Code    74  sys_stackheap_outer.o(.text)
    exit                                     0x08000615   Thumb Code    18  exit.o(.text)
    __user_libspace                          0x08000629   Thumb Code     8  libspace.o(.text)
    __user_perproc_libspace                  0x08000629   Thumb Code     0  libspace.o(.text)
    __user_perthread_libspace                0x08000629   Thumb Code     0  libspace.o(.text)
    BusFault_Handler                         0x08000631   Thumb Code     2  stm32f4xx_it.o(i.BusFault_Handler)
    DMA2_Stream2_IRQHandler                  0x08000635   Thumb Code     6  stm32f4xx_it.o(i.DMA2_Stream2_IRQHandler)
    DMA2_Stream5_IRQHandler                  0x08000641   Thumb Code     6  stm32f4xx_it.o(i.DMA2_Stream5_IRQHandler)
    DMA2_Stream7_IRQHandler                  0x0800064d   Thumb Code     6  stm32f4xx_it.o(i.DMA2_Stream7_IRQHandler)
    DebugMon_Handler                         0x080006d5   Thumb Code     2  stm32f4xx_it.o(i.DebugMon_Handler)
    Error_Handler                            0x080006d7   Thumb Code     4  main.o(i.Error_Handler)
    HAL_DMA_Abort                            0x080006db   Thumb Code   146  stm32f4xx_hal_dma.o(i.HAL_DMA_Abort)
    HAL_DMA_Abort_IT                         0x0800076d   Thumb Code    36  stm32f4xx_hal_dma.o(i.HAL_DMA_Abort_IT)
    HAL_DMA_IRQHandler                       0x08000791   Thumb Code   412  stm32f4xx_hal_dma.o(i.HAL_DMA_IRQHandler)
    HAL_DMA_Init                             0x08000931   Thumb Code   206  stm32f4xx_hal_dma.o(i.HAL_DMA_Init)
    HAL_GPIO_Init                            0x08000a05   Thumb Code   446  stm32f4xx_hal_gpio.o(i.HAL_GPIO_Init)
    HAL_GetTick                              0x08000be5   Thumb Code     6  stm32f4xx_hal.o(i.HAL_GetTick)
    HAL_IncTick                              0x08000bf1   Thumb Code    12  stm32f4xx_hal.o(i.HAL_IncTick)
    HAL_Init                                 0x08000c01   Thumb Code    48  stm32f4xx_hal.o(i.HAL_Init)
    HAL_InitTick                             0x08000c35   Thumb Code   118  stm32f4xx_hal_timebase_tim.o(i.HAL_InitTick)
    HAL_MspInit                              0x08000cc1   Thumb Code    52  stm32f4xx_hal_msp.o(i.HAL_MspInit)
    HAL_NVIC_EnableIRQ                       0x08000cf9   Thumb Code    26  stm32f4xx_hal_cortex.o(i.HAL_NVIC_EnableIRQ)
    HAL_NVIC_SetPriority                     0x08000d15   Thumb Code    60  stm32f4xx_hal_cortex.o(i.HAL_NVIC_SetPriority)
    HAL_NVIC_SetPriorityGrouping             0x08000d55   Thumb Code    26  stm32f4xx_hal_cortex.o(i.HAL_NVIC_SetPriorityGrouping)
    HAL_RCCEx_PeriphCLKConfig                0x08000d79   Thumb Code   314  stm32f4xx_hal_rcc_ex.o(i.HAL_RCCEx_PeriphCLKConfig)
    HAL_RCC_ClockConfig                      0x08000ecd   Thumb Code   288  stm32f4xx_hal_rcc.o(i.HAL_RCC_ClockConfig)
    HAL_RCC_GetClockConfig                   0x08001001   Thumb Code    54  stm32f4xx_hal_rcc.o(i.HAL_RCC_GetClockConfig)
    HAL_RCC_GetPCLK1Freq                     0x08001041   Thumb Code    20  stm32f4xx_hal_rcc.o(i.HAL_RCC_GetPCLK1Freq)
    HAL_RCC_GetPCLK2Freq                     0x08001061   Thumb Code    20  stm32f4xx_hal_rcc.o(i.HAL_RCC_GetPCLK2Freq)
    HAL_RCC_GetSysClockFreq                  0x08001081   Thumb Code    88  stm32f4xx_hal_rcc.o(i.HAL_RCC_GetSysClockFreq)
    HAL_RCC_OscConfig                        0x080010e5   Thumb Code   856  stm32f4xx_hal_rcc.o(i.HAL_RCC_OscConfig)
    HAL_RTCEx_SetWakeUpTimer_IT              0x08001451   Thumb Code   250  stm32f4xx_hal_rtc_ex.o(i.HAL_RTCEx_SetWakeUpTimer_IT)
    HAL_RTCEx_WakeUpTimerEventCallback       0x08001555   Thumb Code     2  stm32f4xx_hal_rtc_ex.o(i.HAL_RTCEx_WakeUpTimerEventCallback)
    HAL_RTCEx_WakeUpTimerIRQHandler          0x08001559   Thumb Code    44  stm32f4xx_hal_rtc_ex.o(i.HAL_RTCEx_WakeUpTimerIRQHandler)
    HAL_RTC_Init                             0x08001589   Thumb Code   150  stm32f4xx_hal_rtc.o(i.HAL_RTC_Init)
    HAL_RTC_MspInit                          0x08001625   Thumb Code    68  stm32f4xx_hal_msp.o(i.HAL_RTC_MspInit)
    HAL_RTC_SetDate                          0x08001671   Thumb Code   146  stm32f4xx_hal_rtc.o(i.HAL_RTC_SetDate)
    HAL_RTC_SetTime                          0x08001709   Thumb Code   186  stm32f4xx_hal_rtc.o(i.HAL_RTC_SetTime)
    HAL_RTC_WaitForSynchro                   0x080017c9   Thumb Code    50  stm32f4xx_hal_rtc.o(i.HAL_RTC_WaitForSynchro)
    HAL_SPI_Init                             0x08001801   Thumb Code   188  stm32f4xx_hal_spi.o(i.HAL_SPI_Init)
    HAL_SPI_MspInit                          0x080018bd   Thumb Code   144  stm32f4xx_hal_msp.o(i.HAL_SPI_MspInit)
    HAL_TIMEx_BreakCallback                  0x08001961   Thumb Code     2  stm32f4xx_hal_tim_ex.o(i.HAL_TIMEx_BreakCallback)
    HAL_TIMEx_CommutCallback                 0x08001963   Thumb Code     2  stm32f4xx_hal_tim_ex.o(i.HAL_TIMEx_CommutCallback)
    HAL_TIMEx_MasterConfigSynchronization    0x08001965   Thumb Code   104  stm32f4xx_hal_tim_ex.o(i.HAL_TIMEx_MasterConfigSynchronization)
    HAL_TIM_Base_Init                        0x080019e1   Thumb Code    90  stm32f4xx_hal_tim.o(i.HAL_TIM_Base_Init)
    HAL_TIM_Base_MspInit                     0x08001a3b   Thumb Code     2  stm32f4xx_hal_tim.o(i.HAL_TIM_Base_MspInit)
    HAL_TIM_Base_Start_IT                    0x08001a3d   Thumb Code    88  stm32f4xx_hal_tim.o(i.HAL_TIM_Base_Start_IT)
    HAL_TIM_IC_CaptureCallback               0x08001aa9   Thumb Code     2  stm32f4xx_hal_tim.o(i.HAL_TIM_IC_CaptureCallback)
    HAL_TIM_IRQHandler                       0x08001aab   Thumb Code   304  stm32f4xx_hal_tim.o(i.HAL_TIM_IRQHandler)
    HAL_TIM_MspPostInit                      0x08001bdd   Thumb Code    72  stm32f4xx_hal_msp.o(i.HAL_TIM_MspPostInit)
    HAL_TIM_OC_DelayElapsedCallback          0x08001c2d   Thumb Code     2  stm32f4xx_hal_tim.o(i.HAL_TIM_OC_DelayElapsedCallback)
    HAL_TIM_PWM_ConfigChannel                0x08001c2f   Thumb Code   204  stm32f4xx_hal_tim.o(i.HAL_TIM_PWM_ConfigChannel)
    HAL_TIM_PWM_Init                         0x08001cfb   Thumb Code    90  stm32f4xx_hal_tim.o(i.HAL_TIM_PWM_Init)
    HAL_TIM_PWM_MspInit                      0x08001d55   Thumb Code    30  stm32f4xx_hal_msp.o(i.HAL_TIM_PWM_MspInit)
    HAL_TIM_PWM_PulseFinishedCallback        0x08001d79   Thumb Code     2  stm32f4xx_hal_tim.o(i.HAL_TIM_PWM_PulseFinishedCallback)
    HAL_TIM_PeriodElapsedCallback            0x08001d7d   Thumb Code    14  main.o(i.HAL_TIM_PeriodElapsedCallback)
    HAL_TIM_TriggerCallback                  0x08001d91   Thumb Code     2  stm32f4xx_hal_tim.o(i.HAL_TIM_TriggerCallback)
    HAL_UARTEx_RxEventCallback               0x08001d93   Thumb Code     2  stm32f4xx_hal_uart.o(i.HAL_UARTEx_RxEventCallback)
    HAL_UART_ErrorCallback                   0x08001d95   Thumb Code     2  stm32f4xx_hal_uart.o(i.HAL_UART_ErrorCallback)
    HAL_UART_IRQHandler                      0x08001d99   Thumb Code   618  stm32f4xx_hal_uart.o(i.HAL_UART_IRQHandler)
    HAL_UART_Init                            0x08002009   Thumb Code   100  stm32f4xx_hal_uart.o(i.HAL_UART_Init)
    HAL_UART_MspInit                         0x0800206d   Thumb Code   206  stm32f4xx_hal_msp.o(i.HAL_UART_MspInit)
    HAL_UART_RxCpltCallback                  0x08002155   Thumb Code     2  stm32f4xx_hal_uart.o(i.HAL_UART_RxCpltCallback)
    HAL_UART_TxCpltCallback                  0x08002157   Thumb Code     2  stm32f4xx_hal_uart.o(i.HAL_UART_TxCpltCallback)
    HardFault_Handler                        0x08002159   Thumb Code     2  stm32f4xx_it.o(i.HardFault_Handler)
    MemManage_Handler                        0x080022fd   Thumb Code     2  stm32f4xx_it.o(i.MemManage_Handler)
    NMI_Handler                              0x080022ff   Thumb Code     2  stm32f4xx_it.o(i.NMI_Handler)
    RTC_ByteToBcd2                           0x08002301   Thumb Code    22  stm32f4xx_hal_rtc.o(i.RTC_ByteToBcd2)
    RTC_EnterInitMode                        0x08002319   Thumb Code    72  stm32f4xx_hal_rtc.o(i.RTC_EnterInitMode)
    RTC_ExitInitMode                         0x08002361   Thumb Code    42  stm32f4xx_hal_rtc.o(i.RTC_ExitInitMode)
    RTC_WKUP_IRQHandler                      0x0800238d   Thumb Code     6  stm32f4xx_it.o(i.RTC_WKUP_IRQHandler)
    StartDefaultTask                         0x08002399   Thumb Code     8  main.o(i.StartDefaultTask)
    SysTick_Handler                          0x080023a1   Thumb Code    26  cmsis_os2.o(i.SysTick_Handler)
    SystemClock_Config                       0x080023bd   Thumb Code   140  main.o(i.SystemClock_Config)
    SystemInit                               0x08002451   Thumb Code    12  system_stm32f4xx.o(i.SystemInit)
    TIM1_TRG_COM_TIM11_IRQHandler            0x08002461   Thumb Code     6  stm32f4xx_it.o(i.TIM1_TRG_COM_TIM11_IRQHandler)
    TIM_Base_SetConfig                       0x0800246d   Thumb Code   136  stm32f4xx_hal_tim.o(i.TIM_Base_SetConfig)
    TIM_OC2_SetConfig                        0x08002561   Thumb Code    84  stm32f4xx_hal_tim.o(i.TIM_OC2_SetConfig)
    USART1_IRQHandler                        0x08002881   Thumb Code     6  stm32f4xx_it.o(i.USART1_IRQHandler)
    UsageFault_Handler                       0x0800288d   Thumb Code     2  stm32f4xx_it.o(i.UsageFault_Handler)
    main                                     0x080028b1   Thumb Code   154  main.o(i.main)
    osDelay                                  0x08002965   Thumb Code    26  cmsis_os2.o(i.osDelay)
    osKernelInitialize                       0x08002981   Thumb Code    32  cmsis_os2.o(i.osKernelInitialize)
    osKernelStart                            0x080029a5   Thumb Code    48  cmsis_os2.o(i.osKernelStart)
    osThreadNew                              0x080029dd   Thumb Code   138  cmsis_os2.o(i.osThreadNew)
    pvPortMalloc                             0x080031fd   Thumb Code   216  heap_4.o(i.pvPortMalloc)
    pxPortInitialiseStack                    0x080032d9   Thumb Code    40  port.o(i.pxPortInitialiseStack)
    uxListRemove                             0x08003305   Thumb Code    38  list.o(i.uxListRemove)
    vApplicationGetIdleTaskMemory            0x0800332d   Thumb Code    16  cmsis_os2.o(i.vApplicationGetIdleTaskMemory)
    vApplicationGetTimerTaskMemory           0x08003341   Thumb Code    18  cmsis_os2.o(i.vApplicationGetTimerTaskMemory)
    vListInitialise                          0x08003359   Thumb Code    22  list.o(i.vListInitialise)
    vListInitialiseItem                      0x0800336f   Thumb Code     6  list.o(i.vListInitialiseItem)
    vListInsert                              0x08003375   Thumb Code    48  list.o(i.vListInsert)
    vListInsertEnd                           0x080033a5   Thumb Code    24  list.o(i.vListInsertEnd)
    vPortEnterCritical                       0x080033bd   Thumb Code    54  port.o(i.vPortEnterCritical)
    vPortExitCritical                        0x080033fd   Thumb Code    34  port.o(i.vPortExitCritical)
    vPortFree                                0x08003425   Thumb Code    94  heap_4.o(i.vPortFree)
    vPortSetupTimerInterrupt                 0x08003489   Thumb Code    32  port.o(i.vPortSetupTimerInterrupt)
    vPortValidateInterruptPriority           0x080034ad   Thumb Code    74  port.o(i.vPortValidateInterruptPriority)
    vQueueAddToRegistry                      0x08003501   Thumb Code    34  queue.o(i.vQueueAddToRegistry)
    vQueueWaitForMessageRestricted           0x08003529   Thumb Code    68  queue.o(i.vQueueWaitForMessageRestricted)
    vTaskDelay                               0x0800356d   Thumb Code    66  tasks.o(i.vTaskDelay)
    vTaskInternalSetTimeOutState             0x080035b9   Thumb Code    12  tasks.o(i.vTaskInternalSetTimeOutState)
    vTaskMissedYield                         0x080035c9   Thumb Code     8  tasks.o(i.vTaskMissedYield)
    vTaskPlaceOnEventList                    0x080035d5   Thumb Code    44  tasks.o(i.vTaskPlaceOnEventList)
    vTaskPlaceOnEventListRestricted          0x08003605   Thumb Code    52  tasks.o(i.vTaskPlaceOnEventListRestricted)
    vTaskStartScheduler                      0x0800363d   Thumb Code   118  tasks.o(i.vTaskStartScheduler)
    vTaskSuspendAll                          0x080036c5   Thumb Code    10  tasks.o(i.vTaskSuspendAll)
    vTaskSwitchContext                       0x080036d5   Thumb Code    90  tasks.o(i.vTaskSwitchContext)
    xPortStartScheduler                      0x08003739   Thumb Code   222  port.o(i.xPortStartScheduler)
    xPortSysTickHandler                      0x0800382d   Thumb Code    38  port.o(i.xPortSysTickHandler)
    xQueueGenericCreateStatic                0x08003859   Thumb Code   102  queue.o(i.xQueueGenericCreateStatic)
    xQueueGenericReset                       0x080038c1   Thumb Code   132  queue.o(i.xQueueGenericReset)
    xQueueGenericSend                        0x08003949   Thumb Code   346  queue.o(i.xQueueGenericSend)
    xQueueGenericSendFromISR                 0x08003aa9   Thumb Code   190  queue.o(i.xQueueGenericSendFromISR)
    xQueueReceive                            0x08003b69   Thumb Code   308  queue.o(i.xQueueReceive)
    xTaskCheckForTimeOut                     0x08003ca1   Thumb Code   112  tasks.o(i.xTaskCheckForTimeOut)
    xTaskCreate                              0x08003d15   Thumb Code    90  tasks.o(i.xTaskCreate)
    xTaskCreateStatic                        0x08003d6f   Thumb Code    86  tasks.o(i.xTaskCreateStatic)
    xTaskGetSchedulerState                   0x08003dc5   Thumb Code    22  tasks.o(i.xTaskGetSchedulerState)
    xTaskGetTickCount                        0x08003de1   Thumb Code     6  tasks.o(i.xTaskGetTickCount)
    xTaskIncrementTick                       0x08003ded   Thumb Code   192  tasks.o(i.xTaskIncrementTick)
    xTaskPriorityDisinherit                  0x08003eb5   Thumb Code   118  tasks.o(i.xTaskPriorityDisinherit)
    xTaskRemoveFromEventList                 0x08003f35   Thumb Code    98  tasks.o(i.xTaskRemoveFromEventList)
    xTaskResumeAll                           0x08003fa5   Thumb Code   182  tasks.o(i.xTaskResumeAll)
    xTimerCreateTimerTask                    0x08004069   Thumb Code    78  timers.o(i.xTimerCreateTimerTask)
    xTimerGenericCommand                     0x080040c9   Thumb Code    98  timers.o(i.xTimerGenericCommand)
    _fp_init                                 0x08004131   Thumb Code    10  fpinit.o(x$fpl$fpinit)
    __fplib_config_fpu_vfp                   0x08004139   Thumb Code     0  fpinit.o(x$fpl$fpinit)
    __fplib_config_pureend_doubles           0x08004139   Thumb Code     0  fpinit.o(x$fpl$fpinit)
    defaultTask_attributes                   0x0800413c   Data          36  main.o(.constdata)
    AHBPrescTable                            0x08004168   Data          16  system_stm32f4xx.o(.constdata)
    APBPrescTable                            0x08004178   Data           8  system_stm32f4xx.o(.constdata)
    Region$$Table$$Base                      0x0800418c   Number         0  anon$$obj.o(Region$$Table)
    Region$$Table$$Limit                     0x080041ac   Number         0  anon$$obj.o(Region$$Table)
    defaultTaskHandle                        0x20000000   Data           4  main.o(.data)
    uwTickFreq                               0x20000004   Data           1  stm32f4xx_hal.o(.data)
    uwTickPrio                               0x20000008   Data           4  stm32f4xx_hal.o(.data)
    uwTick                                   0x2000000c   Data           4  stm32f4xx_hal.o(.data)
    SystemCoreClock                          0x20000010   Data           4  system_stm32f4xx.o(.data)
    pxCurrentTCB                             0x20000014   Data           4  tasks.o(.data)
    hrtc                                     0x20000094   Data          32  main.o(.bss)
    hspi1                                    0x200000b4   Data          88  main.o(.bss)
    htim2                                    0x2000010c   Data          72  main.o(.bss)
    huart1                                   0x20000154   Data          72  main.o(.bss)
    hdma_spi1_tx                             0x2000019c   Data          96  main.o(.bss)
    hdma_usart1_rx                           0x200001fc   Data          96  main.o(.bss)
    hdma_usart1_tx                           0x2000025c   Data          96  main.o(.bss)
    htim11                                   0x200002bc   Data          72  stm32f4xx_hal_timebase_tim.o(.bss)
    xQueueRegistry                           0x20000304   Data          64  queue.o(.bss)
    __libspace_start                         0x20004bd8   Data          96  libspace.o(.bss)
    __temporary_stack_top$libspace           0x20004c38   Data           0  libspace.o(.bss)



==============================================================================

Memory Map of the image

  Image Entry point : 0x08000199

  Load Region LR_IROM1 (Base: 0x08000000, Size: 0x00004240, Max: 0x00080000, ABSOLUTE)

    Execution Region ER_IROM1 (Exec base: 0x08000000, Load base: 0x08000000, Size: 0x000041ac, Max: 0x00080000, ABSOLUTE)

    Exec Addr    Load Addr    Size         Type   Attr      Idx    E Section Name        Object

    0x08000000   0x08000000   0x00000198   Data   RO            3    RESET               startup_stm32f411xe.o
    0x08000198   0x08000198   0x00000008   Code   RO        32539  * !!!main             c_w.l(__main.o)
    0x080001a0   0x080001a0   0x00000034   Code   RO        32712    !!!scatter          c_w.l(__scatter.o)
    0x080001d4   0x080001d4   0x0000001a   Code   RO        32714    !!handler_copy      c_w.l(__scatter_copy.o)
    0x080001ee   0x080001ee   0x00000002   PAD
    0x080001f0   0x080001f0   0x0000001c   Code   RO        32716    !!handler_zi        c_w.l(__scatter_zi.o)
    0x0800020c   0x0800020c   0x00000002   Code   RO        32597    .ARM.Collect$$libinit$$00000000  c_w.l(libinit.o)
    0x0800020e   0x0800020e   0x00000004   Code   RO        32609    .ARM.Collect$$libinit$$00000001  c_w.l(libinit2.o)
    0x08000212   0x08000212   0x00000000   Code   RO        32612    .ARM.Collect$$libinit$$00000004  c_w.l(libinit2.o)
    0x08000212   0x08000212   0x00000000   Code   RO        32615    .ARM.Collect$$libinit$$0000000A  c_w.l(libinit2.o)
    0x08000212   0x08000212   0x00000000   Code   RO        32617    .ARM.Collect$$libinit$$0000000C  c_w.l(libinit2.o)
    0x08000212   0x08000212   0x00000000   Code   RO        32619    .ARM.Collect$$libinit$$0000000E  c_w.l(libinit2.o)
    0x08000212   0x08000212   0x00000000   Code   RO        32622    .ARM.Collect$$libinit$$00000011  c_w.l(libinit2.o)
    0x08000212   0x08000212   0x00000000   Code   RO        32624    .ARM.Collect$$libinit$$00000013  c_w.l(libinit2.o)
    0x08000212   0x08000212   0x00000000   Code   RO        32626    .ARM.Collect$$libinit$$00000015  c_w.l(libinit2.o)
    0x08000212   0x08000212   0x00000000   Code   RO        32628    .ARM.Collect$$libinit$$00000017  c_w.l(libinit2.o)
    0x08000212   0x08000212   0x00000000   Code   RO        32630    .ARM.Collect$$libinit$$00000019  c_w.l(libinit2.o)
    0x08000212   0x08000212   0x00000000   Code   RO        32632    .ARM.Collect$$libinit$$0000001B  c_w.l(libinit2.o)
    0x08000212   0x08000212   0x00000000   Code   RO        32634    .ARM.Collect$$libinit$$0000001D  c_w.l(libinit2.o)
    0x08000212   0x08000212   0x00000000   Code   RO        32636    .ARM.Collect$$libinit$$0000001F  c_w.l(libinit2.o)
    0x08000212   0x08000212   0x00000000   Code   RO        32638    .ARM.Collect$$libinit$$00000021  c_w.l(libinit2.o)
    0x08000212   0x08000212   0x00000000   Code   RO        32640    .ARM.Collect$$libinit$$00000023  c_w.l(libinit2.o)
    0x08000212   0x08000212   0x00000000   Code   RO        32642    .ARM.Collect$$libinit$$00000025  c_w.l(libinit2.o)
    0x08000212   0x08000212   0x00000000   Code   RO        32646    .ARM.Collect$$libinit$$0000002C  c_w.l(libinit2.o)
    0x08000212   0x08000212   0x00000000   Code   RO        32648    .ARM.Collect$$libinit$$0000002E  c_w.l(libinit2.o)
    0x08000212   0x08000212   0x00000000   Code   RO        32650    .ARM.Collect$$libinit$$00000030  c_w.l(libinit2.o)
    0x08000212   0x08000212   0x00000000   Code   RO        32652    .ARM.Collect$$libinit$$00000032  c_w.l(libinit2.o)
    0x08000212   0x08000212   0x00000002   Code   RO        32653    .ARM.Collect$$libinit$$00000033  c_w.l(libinit2.o)
    0x08000214   0x08000214   0x00000002   Code   RO        32685    .ARM.Collect$$libshutdown$$00000000  c_w.l(libshutdown.o)
    0x08000216   0x08000216   0x00000000   Code   RO        32695    .ARM.Collect$$libshutdown$$00000002  c_w.l(libshutdown2.o)
    0x08000216   0x08000216   0x00000000   Code   RO        32697    .ARM.Collect$$libshutdown$$00000004  c_w.l(libshutdown2.o)
    0x08000216   0x08000216   0x00000000   Code   RO        32700    .ARM.Collect$$libshutdown$$00000007  c_w.l(libshutdown2.o)
    0x08000216   0x08000216   0x00000000   Code   RO        32703    .ARM.Collect$$libshutdown$$0000000A  c_w.l(libshutdown2.o)
    0x08000216   0x08000216   0x00000000   Code   RO        32705    .ARM.Collect$$libshutdown$$0000000C  c_w.l(libshutdown2.o)
    0x08000216   0x08000216   0x00000000   Code   RO        32708    .ARM.Collect$$libshutdown$$0000000F  c_w.l(libshutdown2.o)
    0x08000216   0x08000216   0x00000002   Code   RO        32709    .ARM.Collect$$libshutdown$$00000010  c_w.l(libshutdown2.o)
    0x08000218   0x08000218   0x00000000   Code   RO        32543    .ARM.Collect$$rtentry$$00000000  c_w.l(__rtentry.o)
    0x08000218   0x08000218   0x00000000   Code   RO        32558    .ARM.Collect$$rtentry$$00000002  c_w.l(__rtentry2.o)
    0x08000218   0x08000218   0x00000006   Code   RO        32570    .ARM.Collect$$rtentry$$00000004  c_w.l(__rtentry4.o)
    0x0800021e   0x0800021e   0x00000000   Code   RO        32560    .ARM.Collect$$rtentry$$00000009  c_w.l(__rtentry2.o)
    0x0800021e   0x0800021e   0x00000004   Code   RO        32561    .ARM.Collect$$rtentry$$0000000A  c_w.l(__rtentry2.o)
    0x08000222   0x08000222   0x00000000   Code   RO        32563    .ARM.Collect$$rtentry$$0000000C  c_w.l(__rtentry2.o)
    0x08000222   0x08000222   0x00000008   Code   RO        32564    .ARM.Collect$$rtentry$$0000000D  c_w.l(__rtentry2.o)
    0x0800022a   0x0800022a   0x00000002   Code   RO        32603    .ARM.Collect$$rtexit$$00000000  c_w.l(rtexit.o)
    0x0800022c   0x0800022c   0x00000000   Code   RO        32655    .ARM.Collect$$rtexit$$00000002  c_w.l(rtexit2.o)
    0x0800022c   0x0800022c   0x00000004   Code   RO        32656    .ARM.Collect$$rtexit$$00000003  c_w.l(rtexit2.o)
    0x08000230   0x08000230   0x00000006   Code   RO        32657    .ARM.Collect$$rtexit$$00000004  c_w.l(rtexit2.o)
    0x08000236   0x08000236   0x00000002   PAD
    0x08000238   0x08000238   0x000000be   Code   RO         5499    .emb_text           port.o
    0x080002f6   0x080002f6   0x00000002   PAD
    0x080002f8   0x080002f8   0x00000040   Code   RO            4    .text               startup_stm32f411xe.o
    0x08000338   0x08000338   0x000000ee   Code   RO        32507    .text               c_w.l(lludivv7m.o)
    0x08000426   0x08000426   0x0000008a   Code   RO        32521    .text               c_w.l(rt_memcpy_v6.o)
    0x080004b0   0x080004b0   0x00000064   Code   RO        32525    .text               c_w.l(rt_memcpy_w.o)
    0x08000514   0x08000514   0x00000010   Code   RO        32529    .text               c_w.l(aeabi_memset.o)
    0x08000524   0x08000524   0x00000044   Code   RO        32531    .text               c_w.l(rt_memclr.o)
    0x08000568   0x08000568   0x0000004e   Code   RO        32533    .text               c_w.l(rt_memclr_w.o)
    0x080005b6   0x080005b6   0x00000006   Code   RO        32537    .text               c_w.l(heapauxi.o)
    0x080005bc   0x080005bc   0x0000000c   Code   RO        32541    .text               c_w.l(sys_exit.o)
    0x080005c8   0x080005c8   0x00000002   Code   RO        32554    .text               c_w.l(use_no_semi.o)
    0x080005ca   0x080005ca   0x00000000   Code   RO        32556    .text               c_w.l(indicate_semi.o)
    0x080005ca   0x080005ca   0x0000004a   Code   RO        32580    .text               c_w.l(sys_stackheap_outer.o)
    0x08000614   0x08000614   0x00000012   Code   RO        32582    .text               c_w.l(exit.o)
    0x08000626   0x08000626   0x00000002   PAD
    0x08000628   0x08000628   0x00000008   Code   RO        32600    .text               c_w.l(libspace.o)
    0x08000630   0x08000630   0x00000002   Code   RO          255    i.BusFault_Handler  stm32f4xx_it.o
    0x08000632   0x08000632   0x00000002   PAD
    0x08000634   0x08000634   0x0000000c   Code   RO          256    i.DMA2_Stream2_IRQHandler  stm32f4xx_it.o
    0x08000640   0x08000640   0x0000000c   Code   RO          257    i.DMA2_Stream5_IRQHandler  stm32f4xx_it.o
    0x0800064c   0x0800064c   0x0000000c   Code   RO          258    i.DMA2_Stream7_IRQHandler  stm32f4xx_it.o
    0x08000658   0x08000658   0x00000028   Code   RO         1022    i.DMA_CalcBaseAndBitshift  stm32f4xx_hal_dma.o
    0x08000680   0x08000680   0x00000054   Code   RO         1023    i.DMA_CheckFifoParam  stm32f4xx_hal_dma.o
    0x080006d4   0x080006d4   0x00000002   Code   RO          259    i.DebugMon_Handler  stm32f4xx_it.o
    0x080006d6   0x080006d6   0x00000004   Code   RO           13    i.Error_Handler     main.o
    0x080006da   0x080006da   0x00000092   Code   RO         1025    i.HAL_DMA_Abort     stm32f4xx_hal_dma.o
    0x0800076c   0x0800076c   0x00000024   Code   RO         1026    i.HAL_DMA_Abort_IT  stm32f4xx_hal_dma.o
    0x08000790   0x08000790   0x000001a0   Code   RO         1030    i.HAL_DMA_IRQHandler  stm32f4xx_hal_dma.o
    0x08000930   0x08000930   0x000000d4   Code   RO         1031    i.HAL_DMA_Init      stm32f4xx_hal_dma.o
    0x08000a04   0x08000a04   0x000001e0   Code   RO          918    i.HAL_GPIO_Init     stm32f4xx_hal_gpio.o
    0x08000be4   0x08000be4   0x0000000c   Code   RO         1492    i.HAL_GetTick       stm32f4xx_hal.o
    0x08000bf0   0x08000bf0   0x00000010   Code   RO         1498    i.HAL_IncTick       stm32f4xx_hal.o
    0x08000c00   0x08000c00   0x00000034   Code   RO         1499    i.HAL_Init          stm32f4xx_hal.o
    0x08000c34   0x08000c34   0x0000008c   Code   RO          428    i.HAL_InitTick      stm32f4xx_hal_timebase_tim.o
    0x08000cc0   0x08000cc0   0x00000038   Code   RO          349    i.HAL_MspInit       stm32f4xx_hal_msp.o
    0x08000cf8   0x08000cf8   0x0000001a   Code   RO         1334    i.HAL_NVIC_EnableIRQ  stm32f4xx_hal_cortex.o
    0x08000d12   0x08000d12   0x00000002   PAD
    0x08000d14   0x08000d14   0x00000040   Code   RO         1340    i.HAL_NVIC_SetPriority  stm32f4xx_hal_cortex.o
    0x08000d54   0x08000d54   0x00000024   Code   RO         1341    i.HAL_NVIC_SetPriorityGrouping  stm32f4xx_hal_cortex.o
    0x08000d78   0x08000d78   0x00000154   Code   RO          615    i.HAL_RCCEx_PeriphCLKConfig  stm32f4xx_hal_rcc_ex.o
    0x08000ecc   0x08000ecc   0x00000134   Code   RO          510    i.HAL_RCC_ClockConfig  stm32f4xx_hal_rcc.o
    0x08001000   0x08001000   0x00000040   Code   RO          514    i.HAL_RCC_GetClockConfig  stm32f4xx_hal_rcc.o
    0x08001040   0x08001040   0x00000020   Code   RO          517    i.HAL_RCC_GetPCLK1Freq  stm32f4xx_hal_rcc.o
    0x08001060   0x08001060   0x00000020   Code   RO          518    i.HAL_RCC_GetPCLK2Freq  stm32f4xx_hal_rcc.o
    0x08001080   0x08001080   0x00000064   Code   RO          519    i.HAL_RCC_GetSysClockFreq  stm32f4xx_hal_rcc.o
    0x080010e4   0x080010e4   0x0000036c   Code   RO          522    i.HAL_RCC_OscConfig  stm32f4xx_hal_rcc.o
    0x08001450   0x08001450   0x00000104   Code   RO         1936    i.HAL_RTCEx_SetWakeUpTimer_IT  stm32f4xx_hal_rtc_ex.o
    0x08001554   0x08001554   0x00000002   Code   RO         1940    i.HAL_RTCEx_WakeUpTimerEventCallback  stm32f4xx_hal_rtc_ex.o
    0x08001556   0x08001556   0x00000002   PAD
    0x08001558   0x08001558   0x00000030   Code   RO         1941    i.HAL_RTCEx_WakeUpTimerIRQHandler  stm32f4xx_hal_rtc_ex.o
    0x08001588   0x08001588   0x0000009c   Code   RO         1750    i.HAL_RTC_Init      stm32f4xx_hal_rtc.o
    0x08001624   0x08001624   0x0000004c   Code   RO          351    i.HAL_RTC_MspInit   stm32f4xx_hal_msp.o
    0x08001670   0x08001670   0x00000098   Code   RO         1756    i.HAL_RTC_SetDate   stm32f4xx_hal_rtc.o
    0x08001708   0x08001708   0x000000c0   Code   RO         1757    i.HAL_RTC_SetTime   stm32f4xx_hal_rtc.o
    0x080017c8   0x080017c8   0x00000038   Code   RO         1758    i.HAL_RTC_WaitForSynchro  stm32f4xx_hal_rtc.o
    0x08001800   0x08001800   0x000000bc   Code   RO         2136    i.HAL_SPI_Init      stm32f4xx_hal_spi.o
    0x080018bc   0x080018bc   0x000000a4   Code   RO          353    i.HAL_SPI_MspInit   stm32f4xx_hal_msp.o
    0x08001960   0x08001960   0x00000002   Code   RO         3153    i.HAL_TIMEx_BreakCallback  stm32f4xx_hal_tim_ex.o
    0x08001962   0x08001962   0x00000002   Code   RO         3154    i.HAL_TIMEx_CommutCallback  stm32f4xx_hal_tim_ex.o
    0x08001964   0x08001964   0x0000007c   Code   RO         3172    i.HAL_TIMEx_MasterConfigSynchronization  stm32f4xx_hal_tim_ex.o
    0x080019e0   0x080019e0   0x0000005a   Code   RO         2449    i.HAL_TIM_Base_Init  stm32f4xx_hal_tim.o
    0x08001a3a   0x08001a3a   0x00000002   Code   RO         2451    i.HAL_TIM_Base_MspInit  stm32f4xx_hal_tim.o
    0x08001a3c   0x08001a3c   0x0000006c   Code   RO         2454    i.HAL_TIM_Base_Start_IT  stm32f4xx_hal_tim.o
    0x08001aa8   0x08001aa8   0x00000002   Code   RO         2483    i.HAL_TIM_IC_CaptureCallback  stm32f4xx_hal_tim.o
    0x08001aaa   0x08001aaa   0x00000130   Code   RO         2497    i.HAL_TIM_IRQHandler  stm32f4xx_hal_tim.o
    0x08001bda   0x08001bda   0x00000002   PAD
    0x08001bdc   0x08001bdc   0x00000050   Code   RO          354    i.HAL_TIM_MspPostInit  stm32f4xx_hal_msp.o
    0x08001c2c   0x08001c2c   0x00000002   Code   RO         2500    i.HAL_TIM_OC_DelayElapsedCallback  stm32f4xx_hal_tim.o
    0x08001c2e   0x08001c2e   0x000000cc   Code   RO         2521    i.HAL_TIM_PWM_ConfigChannel  stm32f4xx_hal_tim.o
    0x08001cfa   0x08001cfa   0x0000005a   Code   RO         2524    i.HAL_TIM_PWM_Init  stm32f4xx_hal_tim.o
    0x08001d54   0x08001d54   0x00000024   Code   RO          356    i.HAL_TIM_PWM_MspInit  stm32f4xx_hal_msp.o
    0x08001d78   0x08001d78   0x00000002   Code   RO         2527    i.HAL_TIM_PWM_PulseFinishedCallback  stm32f4xx_hal_tim.o
    0x08001d7a   0x08001d7a   0x00000002   PAD
    0x08001d7c   0x08001d7c   0x00000014   Code   RO           14    i.HAL_TIM_PeriodElapsedCallback  main.o
    0x08001d90   0x08001d90   0x00000002   Code   RO         2540    i.HAL_TIM_TriggerCallback  stm32f4xx_hal_tim.o
    0x08001d92   0x08001d92   0x00000002   Code   RO         3432    i.HAL_UARTEx_RxEventCallback  stm32f4xx_hal_uart.o
    0x08001d94   0x08001d94   0x00000002   Code   RO         3446    i.HAL_UART_ErrorCallback  stm32f4xx_hal_uart.o
    0x08001d96   0x08001d96   0x00000002   PAD
    0x08001d98   0x08001d98   0x00000270   Code   RO         3449    i.HAL_UART_IRQHandler  stm32f4xx_hal_uart.o
    0x08002008   0x08002008   0x00000064   Code   RO         3450    i.HAL_UART_Init     stm32f4xx_hal_uart.o
    0x0800206c   0x0800206c   0x000000e8   Code   RO          358    i.HAL_UART_MspInit  stm32f4xx_hal_msp.o
    0x08002154   0x08002154   0x00000002   Code   RO         3456    i.HAL_UART_RxCpltCallback  stm32f4xx_hal_uart.o
    0x08002156   0x08002156   0x00000002   Code   RO         3461    i.HAL_UART_TxCpltCallback  stm32f4xx_hal_uart.o
    0x08002158   0x08002158   0x00000002   Code   RO          260    i.HardFault_Handler  stm32f4xx_it.o
    0x0800215a   0x0800215a   0x00000002   PAD
    0x0800215c   0x0800215c   0x0000004c   Code   RO           15    i.MX_GPIO_Init      main.o
    0x080021a8   0x080021a8   0x000000a0   Code   RO           16    i.MX_RTC_Init       main.o
    0x08002248   0x08002248   0x00000044   Code   RO           17    i.MX_SPI1_Init      main.o
    0x0800228c   0x0800228c   0x00000070   Code   RO           18    i.MX_TIM2_Init      main.o
    0x080022fc   0x080022fc   0x00000002   Code   RO          261    i.MemManage_Handler  stm32f4xx_it.o
    0x080022fe   0x080022fe   0x00000002   Code   RO          262    i.NMI_Handler       stm32f4xx_it.o
    0x08002300   0x08002300   0x00000016   Code   RO         1760    i.RTC_ByteToBcd2    stm32f4xx_hal_rtc.o
    0x08002316   0x08002316   0x00000002   PAD
    0x08002318   0x08002318   0x00000048   Code   RO         1761    i.RTC_EnterInitMode  stm32f4xx_hal_rtc.o
    0x08002360   0x08002360   0x0000002a   Code   RO         1762    i.RTC_ExitInitMode  stm32f4xx_hal_rtc.o
    0x0800238a   0x0800238a   0x00000002   PAD
    0x0800238c   0x0800238c   0x0000000c   Code   RO          263    i.RTC_WKUP_IRQHandler  stm32f4xx_it.o
    0x08002398   0x08002398   0x00000008   Code   RO           19    i.StartDefaultTask  main.o
    0x080023a0   0x080023a0   0x0000001a   Code   RO         4931    i.SysTick_Handler   cmsis_os2.o
    0x080023ba   0x080023ba   0x00000002   PAD
    0x080023bc   0x080023bc   0x00000094   Code   RO           20    i.SystemClock_Config  main.o
    0x08002450   0x08002450   0x00000010   Code   RO         3784    i.SystemInit        system_stm32f4xx.o
    0x08002460   0x08002460   0x0000000c   Code   RO          264    i.TIM1_TRG_COM_TIM11_IRQHandler  stm32f4xx_it.o
    0x0800246c   0x0800246c   0x000000a4   Code   RO         2542    i.TIM_Base_SetConfig  stm32f4xx_hal_tim.o
    0x08002510   0x08002510   0x00000050   Code   RO         2555    i.TIM_OC1_SetConfig  stm32f4xx_hal_tim.o
    0x08002560   0x08002560   0x00000058   Code   RO         2556    i.TIM_OC2_SetConfig  stm32f4xx_hal_tim.o
    0x080025b8   0x080025b8   0x00000058   Code   RO         2557    i.TIM_OC3_SetConfig  stm32f4xx_hal_tim.o
    0x08002610   0x08002610   0x00000044   Code   RO         2558    i.TIM_OC4_SetConfig  stm32f4xx_hal_tim.o
    0x08002654   0x08002654   0x00000010   Code   RO         3463    i.UART_DMAAbortOnError  stm32f4xx_hal_uart.o
    0x08002664   0x08002664   0x0000004e   Code   RO         3473    i.UART_EndRxTransfer  stm32f4xx_hal_uart.o
    0x080026b2   0x080026b2   0x000000c2   Code   RO         3475    i.UART_Receive_IT   stm32f4xx_hal_uart.o
    0x08002774   0x08002774   0x0000010c   Code   RO         3476    i.UART_SetConfig    stm32f4xx_hal_uart.o
    0x08002880   0x08002880   0x0000000c   Code   RO          265    i.USART1_IRQHandler  stm32f4xx_it.o
    0x0800288c   0x0800288c   0x00000002   Code   RO          266    i.UsageFault_Handler  stm32f4xx_it.o
    0x0800288e   0x0800288e   0x00000020   Code   RO         1347    i.__NVIC_SetPriority  stm32f4xx_hal_cortex.o
    0x080028ae   0x080028ae   0x00000002   PAD
    0x080028b0   0x080028b0   0x000000b4   Code   RO           21    i.main              main.o
    0x08002964   0x08002964   0x0000001a   Code   RO         4933    i.osDelay           cmsis_os2.o
    0x0800297e   0x0800297e   0x00000002   PAD
    0x08002980   0x08002980   0x00000024   Code   RO         4947    i.osKernelInitialize  cmsis_os2.o
    0x080029a4   0x080029a4   0x00000038   Code   RO         4950    i.osKernelStart     cmsis_os2.o
    0x080029dc   0x080029dc   0x0000008a   Code   RO         4992    i.osThreadNew       cmsis_os2.o
    0x08002a66   0x08002a66   0x00000002   PAD
    0x08002a68   0x08002a68   0x0000005c   Code   RO         4392    i.prvAddCurrentTaskToDelayedList  tasks.o
    0x08002ac4   0x08002ac4   0x000000d0   Code   RO         4393    i.prvAddNewTaskToReadyList  tasks.o
    0x08002b94   0x08002b94   0x00000058   Code   RO         4757    i.prvCheckForValidListAndQueue  timers.o
    0x08002bec   0x08002bec   0x00000026   Code   RO         3989    i.prvCopyDataFromQueue  queue.o
    0x08002c12   0x08002c12   0x0000006c   Code   RO         3990    i.prvCopyDataToQueue  queue.o
    0x08002c7e   0x08002c7e   0x00000034   Code   RO         4394    i.prvDeleteTCB      tasks.o
    0x08002cb2   0x08002cb2   0x00000002   PAD
    0x08002cb4   0x08002cb4   0x0000004c   Code   RO         5444    i.prvHeapInit       heap_4.o
    0x08002d00   0x08002d00   0x00000060   Code   RO         4395    i.prvIdleTask       tasks.o
    0x08002d60   0x08002d60   0x00000022   Code   RO         3992    i.prvInitialiseNewQueue  queue.o
    0x08002d82   0x08002d82   0x00000002   PAD
    0x08002d84   0x08002d84   0x000000b0   Code   RO         4396    i.prvInitialiseNewTask  tasks.o
    0x08002e34   0x08002e34   0x0000004c   Code   RO         5445    i.prvInsertBlockIntoFreeList  heap_4.o
    0x08002e80   0x08002e80   0x00000038   Code   RO         4759    i.prvInsertTimerInActiveList  timers.o
    0x08002eb8   0x08002eb8   0x0000001c   Code   RO         3993    i.prvIsQueueEmpty   queue.o
    0x08002ed4   0x08002ed4   0x000000fc   Code   RO         4760    i.prvProcessReceivedCommands  timers.o
    0x08002fd0   0x08002fd0   0x000000c0   Code   RO         4761    i.prvProcessTimerOrBlockTask  timers.o
    0x08003090   0x08003090   0x00000020   Code   RO         4398    i.prvResetNextTaskUnblockTime  tasks.o
    0x080030b0   0x080030b0   0x00000028   Code   RO         4762    i.prvSampleTimeNow  timers.o
    0x080030d8   0x080030d8   0x0000006c   Code   RO         4763    i.prvSwitchTimerLists  timers.o
    0x08003144   0x08003144   0x00000028   Code   RO         5500    i.prvTaskExitError  port.o
    0x0800316c   0x0800316c   0x00000024   Code   RO         4764    i.prvTimerTask      timers.o
    0x08003190   0x08003190   0x0000006a   Code   RO         3994    i.prvUnlockQueue    queue.o
    0x080031fa   0x080031fa   0x00000002   PAD
    0x080031fc   0x080031fc   0x000000dc   Code   RO         5446    i.pvPortMalloc      heap_4.o
    0x080032d8   0x080032d8   0x0000002c   Code   RO         5501    i.pxPortInitialiseStack  port.o
    0x08003304   0x08003304   0x00000026   Code   RO         3949    i.uxListRemove      list.o
    0x0800332a   0x0800332a   0x00000002   PAD
    0x0800332c   0x0800332c   0x00000014   Code   RO         5004    i.vApplicationGetIdleTaskMemory  cmsis_os2.o
    0x08003340   0x08003340   0x00000018   Code   RO         5005    i.vApplicationGetTimerTaskMemory  cmsis_os2.o
    0x08003358   0x08003358   0x00000016   Code   RO         3950    i.vListInitialise   list.o
    0x0800336e   0x0800336e   0x00000006   Code   RO         3951    i.vListInitialiseItem  list.o
    0x08003374   0x08003374   0x00000030   Code   RO         3952    i.vListInsert       list.o
    0x080033a4   0x080033a4   0x00000018   Code   RO         3953    i.vListInsertEnd    list.o
    0x080033bc   0x080033bc   0x00000040   Code   RO         5503    i.vPortEnterCritical  port.o
    0x080033fc   0x080033fc   0x00000028   Code   RO         5504    i.vPortExitCritical  port.o
    0x08003424   0x08003424   0x00000064   Code   RO         5447    i.vPortFree         heap_4.o
    0x08003488   0x08003488   0x00000024   Code   RO         5505    i.vPortSetupTimerInterrupt  port.o
    0x080034ac   0x080034ac   0x00000054   Code   RO         5506    i.vPortValidateInterruptPriority  port.o
    0x08003500   0x08003500   0x00000028   Code   RO         4000    i.vQueueAddToRegistry  queue.o
    0x08003528   0x08003528   0x00000044   Code   RO         4004    i.vQueueWaitForMessageRestricted  queue.o
    0x0800356c   0x0800356c   0x0000004c   Code   RO         4411    i.vTaskDelay        tasks.o
    0x080035b8   0x080035b8   0x00000010   Code   RO         4416    i.vTaskInternalSetTimeOutState  tasks.o
    0x080035c8   0x080035c8   0x0000000c   Code   RO         4417    i.vTaskMissedYield  tasks.o
    0x080035d4   0x080035d4   0x00000030   Code   RO         4419    i.vTaskPlaceOnEventList  tasks.o
    0x08003604   0x08003604   0x00000038   Code   RO         4420    i.vTaskPlaceOnEventListRestricted  tasks.o
    0x0800363c   0x0800363c   0x00000088   Code   RO         4428    i.vTaskStartScheduler  tasks.o
    0x080036c4   0x080036c4   0x00000010   Code   RO         4430    i.vTaskSuspendAll   tasks.o
    0x080036d4   0x080036d4   0x00000064   Code   RO         4431    i.vTaskSwitchContext  tasks.o
    0x08003738   0x08003738   0x000000f4   Code   RO         5507    i.xPortStartScheduler  port.o
    0x0800382c   0x0800382c   0x0000002c   Code   RO         5508    i.xPortSysTickHandler  port.o
    0x08003858   0x08003858   0x00000066   Code   RO         4010    i.xQueueGenericCreateStatic  queue.o
    0x080038be   0x080038be   0x00000002   PAD
    0x080038c0   0x080038c0   0x00000088   Code   RO         4011    i.xQueueGenericReset  queue.o
    0x08003948   0x08003948   0x00000160   Code   RO         4012    i.xQueueGenericSend  queue.o
    0x08003aa8   0x08003aa8   0x000000be   Code   RO         4013    i.xQueueGenericSendFromISR  queue.o
    0x08003b66   0x08003b66   0x00000002   PAD
    0x08003b68   0x08003b68   0x00000138   Code   RO         4022    i.xQueueReceive     queue.o
    0x08003ca0   0x08003ca0   0x00000074   Code   RO         4433    i.xTaskCheckForTimeOut  tasks.o
    0x08003d14   0x08003d14   0x0000005a   Code   RO         4434    i.xTaskCreate       tasks.o
    0x08003d6e   0x08003d6e   0x00000056   Code   RO         4435    i.xTaskCreateStatic  tasks.o
    0x08003dc4   0x08003dc4   0x0000001c   Code   RO         4439    i.xTaskGetSchedulerState  tasks.o
    0x08003de0   0x08003de0   0x0000000c   Code   RO         4440    i.xTaskGetTickCount  tasks.o
    0x08003dec   0x08003dec   0x000000c8   Code   RO         4442    i.xTaskIncrementTick  tasks.o
    0x08003eb4   0x08003eb4   0x00000080   Code   RO         4445    i.xTaskPriorityDisinherit  tasks.o
    0x08003f34   0x08003f34   0x00000070   Code   RO         4447    i.xTaskRemoveFromEventList  tasks.o
    0x08003fa4   0x08003fa4   0x000000c4   Code   RO         4448    i.xTaskResumeAll    tasks.o
    0x08004068   0x08004068   0x00000060   Code   RO         4773    i.xTimerCreateTimerTask  timers.o
    0x080040c8   0x080040c8   0x00000068   Code   RO         4774    i.xTimerGenericCommand  timers.o
    0x08004130   0x08004130   0x0000000a   Code   RO        32677    x$fpl$fpinit        fz_wm.l(fpinit.o)
    0x0800413a   0x0800413a   0x00000002   PAD
    0x0800413c   0x0800413c   0x00000024   Data   RO           26    .constdata          main.o
    0x08004160   0x08004160   0x00000008   Data   RO         1037    .constdata          stm32f4xx_hal_dma.o
    0x08004168   0x08004168   0x00000010   Data   RO         3785    .constdata          system_stm32f4xx.o
    0x08004178   0x08004178   0x00000008   Data   RO         3786    .constdata          system_stm32f4xx.o
    0x08004180   0x08004180   0x0000000c   Data   RO           27    .conststring        main.o
    0x0800418c   0x0800418c   0x00000020   Data   RO        32710    Region$$Table       anon$$obj.o


    Execution Region RW_IRAM1 (Exec base: 0x20000000, Load base: 0x080041ac, Size: 0x00005238, Max: 0x00020000, ABSOLUTE)

    Exec Addr    Load Addr    Size         Type   Attr      Idx    E Section Name        Object

    0x20000000   0x080041ac   0x00000004   Data   RW           28    .data               main.o
    0x20000004   0x080041b0   0x0000000c   Data   RW         1506    .data               stm32f4xx_hal.o
    0x20000010   0x080041bc   0x00000004   Data   RW         3787    .data               system_stm32f4xx.o
    0x20000014   0x080041c0   0x0000003c   Data   RW         4451    .data               tasks.o
    0x20000050   0x080041fc   0x00000014   Data   RW         4782    .data               timers.o
    0x20000064   0x08004210   0x00000004   Data   RW         5007    .data               cmsis_os2.o
    0x20000068   0x08004214   0x00000020   Data   RW         5453    .data               heap_4.o
    0x20000088   0x08004234   0x0000000c   Data   RW         5509    .data               port.o
    0x20000094        -       0x00000108   Zero   RW           22    .bss                main.o
    0x2000019c        -       0x00000060   Zero   RW           23    .bss                main.o
    0x200001fc        -       0x00000060   Zero   RW           24    .bss                main.o
    0x2000025c        -       0x00000060   Zero   RW           25    .bss                main.o
    0x200002bc        -       0x00000048   Zero   RW          431    .bss                stm32f4xx_hal_timebase_tim.o
    0x20000304        -       0x00000040   Zero   RW         4026    .bss                queue.o
    0x20000344        -       0x000004c4   Zero   RW         4450    .bss                tasks.o
    0x20000808        -       0x00000118   Zero   RW         4781    .bss                timers.o
    0x20000920        -       0x000006b8   Zero   RW         5006    .bss                cmsis_os2.o
    0x20000fd8        -       0x00003c00   Zero   RW         5452    .bss                heap_4.o
    0x20004bd8        -       0x00000060   Zero   RW        32601    .bss                c_w.l(libspace.o)
    0x20004c38        -       0x00000200   Zero   RW            2    HEAP                startup_stm32f411xe.o
    0x20004e38        -       0x00000400   Zero   RW            1    STACK               startup_stm32f411xe.o


==============================================================================

Image component sizes


      Code (inc. data)   RO Data    RW Data    ZI Data      Debug   Object Name

       326         22          0          4       1720      65703   cmsis_os2.o
         0          0          0          0          0      19628   event_groups.o
       472         24          0         32      15360       5063   heap_4.o
       138          0          0          0          0       3742   list.o
       776         72         48          4        552     469349   main.o
       786         82          0         12          0      11893   port.o
      1514         20          0          0         64      17888   queue.o
        64         26        408          0       1536        876   startup_stm32f411xe.o
        80         14          0         12          0       8134   stm32f4xx_hal.o
       158         14          0          0          0      33198   stm32f4xx_hal_cortex.o
       934         16          8          0          0       5835   stm32f4xx_hal_dma.o
       480         34          0          0          0       1572   stm32f4xx_hal_gpio.o
       644         72          0          0          0       4758   stm32f4xx_hal_msp.o
      1412         86          0          0          0       6121   stm32f4xx_hal_rcc.o
       340         26          0          0          0       1468   stm32f4xx_hal_rcc_ex.o
       692         24          0          0          0       6377   stm32f4xx_hal_rtc.o
       310         14          0          0          0       2825   stm32f4xx_hal_rtc_ex.o
       188          0          0          0          0       1279   stm32f4xx_hal_spi.o
      1294         68          0          0          0      12527   stm32f4xx_hal_tim.o
       128         20          0          0          0       2613   stm32f4xx_hal_tim_ex.o
       140         22          0          0         72       1524   stm32f4xx_hal_timebase_tim.o
      1288         16          0          0          0       8716   stm32f4xx_hal_uart.o
        84         36          0          0          0       6037   stm32f4xx_it.o
         0          0          0          0          0        400   stream_buffer.o
        16          4         24          4          0       1223   system_stm32f4xx.o
      2084        168          0         60       1220      27736   tasks.o
       972         80          0         20        280      32671   timers.o

    ----------------------------------------------------------------------
     15360        960        520        148      20804     759156   Object Totals
         0          0         32          0          0          0   (incl. Generated)
        40          0          0          0          0          0   (incl. Padding)

    ----------------------------------------------------------------------

      Code (inc. data)   RO Data    RW Data    ZI Data      Debug   Library Member Name

         8          0          0          0          0         68   __main.o
         0          0          0          0          0          0   __rtentry.o
        12          0          0          0          0          0   __rtentry2.o
         6          0          0          0          0          0   __rtentry4.o
        52          8          0          0          0          0   __scatter.o
        26          0          0          0          0          0   __scatter_copy.o
        28          0          0          0          0          0   __scatter_zi.o
        16          0          0          0          0         68   aeabi_memset.o
        18          0          0          0          0         80   exit.o
         6          0          0          0          0        152   heapauxi.o
         0          0          0          0          0          0   indicate_semi.o
         2          0          0          0          0          0   libinit.o
         6          0          0          0          0          0   libinit2.o
         2          0          0          0          0          0   libshutdown.o
         2          0          0          0          0          0   libshutdown2.o
         8          4          0          0         96         68   libspace.o
       238          0          0          0          0        100   lludivv7m.o
        68          0          0          0          0         68   rt_memclr.o
        78          0          0          0          0         80   rt_memclr_w.o
       138          0          0          0          0         68   rt_memcpy_v6.o
       100          0          0          0          0         80   rt_memcpy_w.o
         2          0          0          0          0          0   rtexit.o
        10          0          0          0          0          0   rtexit2.o
        12          4          0          0          0         68   sys_exit.o
        74          0          0          0          0         80   sys_stackheap_outer.o
         2          0          0          0          0         68   use_no_semi.o
        10          0          0          0          0        116   fpinit.o

    ----------------------------------------------------------------------
       932         16          0          0         96       1164   Library Totals
         8          0          0          0          0          0   (incl. Padding)

    ----------------------------------------------------------------------

      Code (inc. data)   RO Data    RW Data    ZI Data      Debug   Library Name

       914         16          0          0         96       1048   c_w.l
        10          0          0          0          0        116   fz_wm.l

    ----------------------------------------------------------------------
       932         16          0          0         96       1164   Library Totals

    ----------------------------------------------------------------------

==============================================================================


      Code (inc. data)   RO Data    RW Data    ZI Data      Debug   

     16292        976        520        148      20900     744852   Grand Totals
     16292        976        520        148      20900     744852   ELF Image Totals
     16292        976        520        148          0          0   ROM Totals

==============================================================================

    Total RO  Size (Code + RO Data)                16812 (  16.42kB)
    Total RW  Size (RW Data + ZI Data)             21048 (  20.55kB)
    Total ROM Size (Code + RO Data + RW Data)      16960 (  16.56kB)

==============================================================================

